Archive member included to satisfy reference by file (symbol)

/Applications/ArmGNUToolchain/11.3.rel1/arm-none-eabi/bin/../lib/gcc/arm-none-eabi/11.3.1/../../../../arm-none-eabi/lib/thumb/v7e-m+fp/hard/libc_nano.a(libc_a-exit.o)
                              /Applications/ArmGNUToolchain/11.3.rel1/arm-none-eabi/bin/../lib/gcc/arm-none-eabi/11.3.1/../../../../arm-none-eabi/lib/thumb/v7e-m+fp/hard/crt0.o (exit)
/Applications/ArmGNUToolchain/11.3.rel1/arm-none-eabi/bin/../lib/gcc/arm-none-eabi/11.3.1/../../../../arm-none-eabi/lib/thumb/v7e-m+fp/hard/libc_nano.a(libc_a-findfp.o)
                              /Applications/ArmGNUToolchain/11.3.rel1/arm-none-eabi/bin/../lib/gcc/arm-none-eabi/11.3.1/../../../../arm-none-eabi/lib/thumb/v7e-m+fp/hard/libc_nano.a(libc_a-exit.o) (__stdio_exit_handler)
/Applications/ArmGNUToolchain/11.3.rel1/arm-none-eabi/bin/../lib/gcc/arm-none-eabi/11.3.1/../../../../arm-none-eabi/lib/thumb/v7e-m+fp/hard/libc_nano.a(libc_a-fwalk.o)
                              /Applications/ArmGNUToolchain/11.3.rel1/arm-none-eabi/bin/../lib/gcc/arm-none-eabi/11.3.1/../../../../arm-none-eabi/lib/thumb/v7e-m+fp/hard/libc_nano.a(libc_a-findfp.o) (_fwalk_sglue)
/Applications/ArmGNUToolchain/11.3.rel1/arm-none-eabi/bin/../lib/gcc/arm-none-eabi/11.3.1/../../../../arm-none-eabi/lib/thumb/v7e-m+fp/hard/libc_nano.a(libc_a-memset.o)
                              /Applications/ArmGNUToolchain/11.3.rel1/arm-none-eabi/bin/../lib/gcc/arm-none-eabi/11.3.1/../../../../arm-none-eabi/lib/thumb/v7e-m+fp/hard/crt0.o (memset)
/Applications/ArmGNUToolchain/11.3.rel1/arm-none-eabi/bin/../lib/gcc/arm-none-eabi/11.3.1/../../../../arm-none-eabi/lib/thumb/v7e-m+fp/hard/libc_nano.a(libc_a-impure.o)
                              /Applications/ArmGNUToolchain/11.3.rel1/arm-none-eabi/bin/../lib/gcc/arm-none-eabi/11.3.1/../../../../arm-none-eabi/lib/thumb/v7e-m+fp/hard/libc_nano.a(libc_a-findfp.o) (_impure_data)
/Applications/ArmGNUToolchain/11.3.rel1/arm-none-eabi/bin/../lib/gcc/arm-none-eabi/11.3.1/../../../../arm-none-eabi/lib/thumb/v7e-m+fp/hard/libc_nano.a(libc_a-init.o)
                              /Applications/ArmGNUToolchain/11.3.rel1/arm-none-eabi/bin/../lib/gcc/arm-none-eabi/11.3.1/../../../../arm-none-eabi/lib/thumb/v7e-m+fp/hard/crt0.o (__libc_init_array)
/Applications/ArmGNUToolchain/11.3.rel1/arm-none-eabi/bin/../lib/gcc/arm-none-eabi/11.3.1/../../../../arm-none-eabi/lib/thumb/v7e-m+fp/hard/libc_nano.a(libc_a-lock.o)
                              /Applications/ArmGNUToolchain/11.3.rel1/arm-none-eabi/bin/../lib/gcc/arm-none-eabi/11.3.1/../../../../arm-none-eabi/lib/thumb/v7e-m+fp/hard/libc_nano.a(libc_a-findfp.o) (__retarget_lock_init_recursive)
/Applications/ArmGNUToolchain/11.3.rel1/arm-none-eabi/bin/../lib/gcc/arm-none-eabi/11.3.1/../../../../arm-none-eabi/lib/thumb/v7e-m+fp/hard/libc_nano.a(libc_a-mallocr.o)
                              /Applications/ArmGNUToolchain/11.3.rel1/arm-none-eabi/bin/../lib/gcc/arm-none-eabi/11.3.1/../../../../arm-none-eabi/lib/thumb/v7e-m+fp/hard/libc_nano.a(libc_a-findfp.o) (_malloc_r)
/Applications/ArmGNUToolchain/11.3.rel1/arm-none-eabi/bin/../lib/gcc/arm-none-eabi/11.3.1/../../../../arm-none-eabi/lib/thumb/v7e-m+fp/hard/libc_nano.a(libc_a-fflush.o)
                              /Applications/ArmGNUToolchain/11.3.rel1/arm-none-eabi/bin/../lib/gcc/arm-none-eabi/11.3.1/../../../../arm-none-eabi/lib/thumb/v7e-m+fp/hard/libc_nano.a(libc_a-findfp.o) (_fflush_r)
/Applications/ArmGNUToolchain/11.3.rel1/arm-none-eabi/bin/../lib/gcc/arm-none-eabi/11.3.1/../../../../arm-none-eabi/lib/thumb/v7e-m+fp/hard/libc_nano.a(libc_a-mlock.o)
                              /Applications/ArmGNUToolchain/11.3.rel1/arm-none-eabi/bin/../lib/gcc/arm-none-eabi/11.3.1/../../../../arm-none-eabi/lib/thumb/v7e-m+fp/hard/libc_nano.a(libc_a-mallocr.o) (__malloc_lock)
/Applications/ArmGNUToolchain/11.3.rel1/arm-none-eabi/bin/../lib/gcc/arm-none-eabi/11.3.1/../../../../arm-none-eabi/lib/thumb/v7e-m+fp/hard/libc_nano.a(libc_a-stdio.o)
                              /Applications/ArmGNUToolchain/11.3.rel1/arm-none-eabi/bin/../lib/gcc/arm-none-eabi/11.3.1/../../../../arm-none-eabi/lib/thumb/v7e-m+fp/hard/libc_nano.a(libc_a-findfp.o) (__sread)
/Applications/ArmGNUToolchain/11.3.rel1/arm-none-eabi/bin/../lib/gcc/arm-none-eabi/11.3.1/../../../../arm-none-eabi/lib/thumb/v7e-m+fp/hard/libc_nano.a(libc_a-closer.o)
                              /Applications/ArmGNUToolchain/11.3.rel1/arm-none-eabi/bin/../lib/gcc/arm-none-eabi/11.3.1/../../../../arm-none-eabi/lib/thumb/v7e-m+fp/hard/libc_nano.a(libc_a-stdio.o) (_close_r)
/Applications/ArmGNUToolchain/11.3.rel1/arm-none-eabi/bin/../lib/gcc/arm-none-eabi/11.3.1/../../../../arm-none-eabi/lib/thumb/v7e-m+fp/hard/libc_nano.a(libc_a-reent.o)
                              /Applications/ArmGNUToolchain/11.3.rel1/arm-none-eabi/bin/../lib/gcc/arm-none-eabi/11.3.1/../../../../arm-none-eabi/lib/thumb/v7e-m+fp/hard/libc_nano.a(libc_a-closer.o) (errno)
[...]
Memory Configuration

Name             Origin             Length             Attributes
RAM              0x0000000020000000 0x0000000000003000 xrw
CCMRAM           0x0000000010000000 0x0000000000001000 xrw
FLASH            0x0000000008000000 0x0000000000010000 xr
*default*        0x0000000000000000 0xffffffffffffffff

Linker script and memory map

LOAD /Applications/ArmGNUToolchain/11.3.rel1/arm-none-eabi/bin/../lib/gcc/arm-none-eabi/11.3.1/thumb/v7e-m+fp/hard/crti.o
LOAD /Applications/ArmGNUToolchain/11.3.rel1/arm-none-eabi/bin/../lib/gcc/arm-none-eabi/11.3.1/thumb/v7e-m+fp/hard/crtbegin.o
LOAD /Applications/ArmGNUToolchain/11.3.rel1/arm-none-eabi/bin/../lib/gcc/arm-none-eabi/11.3.1/../../../../arm-none-eabi/lib/thumb/v7e-m+fp/hard/crt0.o
LOAD build/main.o
LOAD build/stm32f3xx_it.o
LOAD build/stm32f3xx_hal_msp.o
LOAD build/stm32f3xx_hal_timebase_tim.o
LOAD build/stm32f3xx_hal.o
LOAD build/stm32f3xx_hal_rcc.o
LOAD build/stm32f3xx_hal_rcc_ex.o
LOAD build/stm32f3xx_hal_gpio.o
LOAD build/stm32f3xx_hal_dma.o
LOAD build/stm32f3xx_hal_cortex.o
LOAD build/stm32f3xx_hal_pwr.o
LOAD build/stm32f3xx_hal_pwr_ex.o
LOAD build/stm32f3xx_hal_flash.o
LOAD build/stm32f3xx_hal_flash_ex.o
LOAD build/stm32f3xx_hal_i2c.o
LOAD build/stm32f3xx_hal_i2c_ex.o
LOAD build/stm32f3xx_hal_exti.o
LOAD build/stm32f3xx_hal_tim.o
LOAD build/stm32f3xx_hal_tim_ex.o
LOAD build/system_stm32f3xx.o
LOAD build/stm32f3xx_ll_utils.o
LOAD build/stm32f3xx_ll_exti.o
LOAD build/stm32f3xx_ll_gpio.o
LOAD build/stm32f3xx_ll_adc.o
LOAD build/stm32f3xx_ll_dma.o
LOAD build/stm32f3xx_ll_rcc.o
LOAD build/stm32f3xx_ll_comp.o
LOAD build/stm32f3xx_ll_dac.o
LOAD build/stm32f3xx_ll_tim.o
LOAD build/stm32f3xx_ll_usart.o
LOAD build/edcmain.o
LOAD build/startup_stm32f334x8.o
LOAD /Applications/ArmGNUToolchain/11.3.rel1/arm-none-eabi/bin/../lib/gcc/arm-none-eabi/11.3.1/../../../../arm-none-eabi/lib/thumb/v7e-m+fp/hard/libc_nano.a
LOAD /Applications/ArmGNUToolchain/11.3.rel1/arm-none-eabi/bin/../lib/gcc/arm-none-eabi/11.3.1/../../../../arm-none-eabi/lib/thumb/v7e-m+fp/hard/libm.a
LOAD /Applications/ArmGNUToolchain/11.3.rel1/arm-none-eabi/bin/../lib/gcc/arm-none-eabi/11.3.1/../../../../arm-none-eabi/lib/thumb/v7e-m+fp/hard/libnosys.a
START GROUP
LOAD /Applications/ArmGNUToolchain/11.3.rel1/arm-none-eabi/bin/../lib/gcc/arm-none-eabi/11.3.1/thumb/v7e-m+fp/hard/libgcc.a
LOAD /Applications/ArmGNUToolchain/11.3.rel1/arm-none-eabi/bin/../lib/gcc/arm-none-eabi/11.3.1/../../../../arm-none-eabi/lib/thumb/v7e-m+fp/hard/libc_nano.a
END GROUP
START GROUP
LOAD /Applications/ArmGNUToolchain/11.3.rel1/arm-none-eabi/bin/../lib/gcc/arm-none-eabi/11.3.1/thumb/v7e-m+fp/hard/libgcc.a
LOAD /Applications/ArmGNUToolchain/11.3.rel1/arm-none-eabi/bin/../lib/gcc/arm-none-eabi/11.3.1/../../../../arm-none-eabi/lib/thumb/v7e-m+fp/hard/libc_nano.a
END GROUP
LOAD /Applications/ArmGNUToolchain/11.3.rel1/arm-none-eabi/bin/../lib/gcc/arm-none-eabi/11.3.1/thumb/v7e-m+fp/hard/crtend.o
LOAD /Applications/ArmGNUToolchain/11.3.rel1/arm-none-eabi/bin/../lib/gcc/arm-none-eabi/11.3.1/thumb/v7e-m+fp/hard/crtn.o
                0x0000000020003000                _estack = (ORIGIN (RAM) + LENGTH (RAM))
                0x0000000000000200                _Min_Heap_Size = 0x200
                0x0000000000000400                _Min_Stack_Size = 0x400

.isr_vector     0x0000000008000000      0x188
                0x0000000008000000                . = ALIGN (0x4)
 *(.isr_vector)
 .isr_vector    0x0000000008000000      0x188 build/startup_stm32f334x8.o
                0x0000000008000000                g_pfnVectors
                0x0000000008000188                . = ALIGN (0x4)

.text           0x0000000008000188     0x20b0
                0x0000000008000188                . = ALIGN (0x4)
 *(.text)
 *(.text*)
 .text.deregister_tm_clones
                0x0000000008000188       0x1c /Applications/ArmGNUToolchain/11.3.rel1/arm-none-eabi/bin/../lib/gcc/arm-none-eabi/11.3.1/thumb/v7e-m+fp/hard/crtbegin.o
 .text.register_tm_clones
                0x00000000080001a4       0x24 /Applications/ArmGNUToolchain/11.3.rel1/arm-none-eabi/bin/../lib/gcc/arm-none-eabi/11.3.1/thumb/v7e-m+fp/hard/crtbegin.o
 .text.__do_global_dtors_aux
                0x00000000080001c8       0x28 /Applications/ArmGNUToolchain/11.3.rel1/arm-none-eabi/bin/../lib/gcc/arm-none-eabi/11.3.1/thumb/v7e-m+fp/hard/crtbegin.o
 .text.frame_dummy
                0x00000000080001f0       0x24 /Applications/ArmGNUToolchain/11.3.rel1/arm-none-eabi/bin/../lib/gcc/arm-none-eabi/11.3.1/thumb/v7e-m+fp/hard/crtbegin.o
 .text.LL_TIM_OC_DisableFast
                0x0000000008000214       0x50 build/main.o
 .text.LL_ADC_SetChannelSamplingTime
                0x0000000008000264       0x50 build/main.o
 .text.NVIC_EncodePriority.constprop.0
                0x00000000080002b4        0x4 build/main.o
 .text.SystemClock_Config
                0x00000000080002b8       0xc4 build/main.o
                0x00000000080002b8                SystemClock_Config
 .text.startup.main
                0x000000000800037c      0xe00 build/main.o
                0x000000000800037c                main
 .text.HAL_TIM_PeriodElapsedCallback
                0x000000000800117c       0x14 build/main.o
                0x000000000800117c                HAL_TIM_PeriodElapsedCallback
 .text.SVC_Handler
                0x0000000008001190        0x4 build/stm32f3xx_it.o
                0x0000000008001190                SVC_Handler
 .text.PendSV_Handler
                0x0000000008001194        0x4 build/stm32f3xx_it.o
                0x0000000008001194                PendSV_Handler
 .text.SysTick_Handler
                0x0000000008001198        0x4 build/stm32f3xx_it.o
                0x0000000008001198                SysTick_Handler
 .text.DMA1_Channel1_IRQHandler
                0x000000000800119c        0x4 build/stm32f3xx_it.o
                0x000000000800119c                DMA1_Channel1_IRQHandler
 .text.DMA1_Channel2_IRQHandler
                0x00000000080011a0        0x4 build/stm32f3xx_it.o
                0x00000000080011a0                DMA1_Channel2_IRQHandler
 .text.DMA1_Channel3_IRQHandler
                0x00000000080011a4        0x4 build/stm32f3xx_it.o
                0x00000000080011a4                DMA1_Channel3_IRQHandler
 .text.DMA1_Channel4_IRQHandler
                0x00000000080011a8        0x4 build/stm32f3xx_it.o
                0x00000000080011a8                DMA1_Channel4_IRQHandler
 .text.DMA1_Channel6_IRQHandler
                0x00000000080011ac        0x4 build/stm32f3xx_it.o
                0x00000000080011ac                DMA1_Channel6_IRQHandler
 .text.ADC1_2_IRQHandler
                0x00000000080011b0        0x4 build/stm32f3xx_it.o
                0x00000000080011b0                ADC1_2_IRQHandler
 .text.TIM1_BRK_TIM15_IRQHandler
                0x00000000080011b4        0x4 build/stm32f3xx_it.o
                0x00000000080011b4                TIM1_BRK_TIM15_IRQHandler
 .text.USART2_IRQHandler
                0x00000000080011b8        0x4 build/stm32f3xx_it.o
                0x00000000080011b8                USART2_IRQHandler
 .text.TIM7_DAC2_IRQHandler
                0x00000000080011bc        0xc build/stm32f3xx_it.o
                0x00000000080011bc                TIM7_DAC2_IRQHandler
 .text.COMP4_6_IRQHandler
                0x00000000080011c8        0x4 build/stm32f3xx_it.o
                0x00000000080011c8                COMP4_6_IRQHandler
 .text.HAL_MspInit
                0x00000000080011cc       0x30 build/stm32f3xx_hal_msp.o
                0x00000000080011cc                HAL_MspInit
 .text.HAL_InitTick
                0x00000000080011fc       0xa4 build/stm32f3xx_hal_timebase_tim.o
                0x00000000080011fc                HAL_InitTick
 .text.HAL_Init
                0x00000000080012a0       0x24 build/stm32f3xx_hal.o
                0x00000000080012a0                HAL_Init
 .text.HAL_IncTick
                0x00000000080012c4       0x18 build/stm32f3xx_hal.o
                0x00000000080012c4                HAL_IncTick
 .text.HAL_RCC_GetPCLK1Freq
                0x00000000080012dc       0x30 build/stm32f3xx_hal_rcc.o
                0x00000000080012dc                HAL_RCC_GetPCLK1Freq
 .text.HAL_RCC_GetClockConfig
                0x000000000800130c       0x44 build/stm32f3xx_hal_rcc.o
                0x000000000800130c                HAL_RCC_GetClockConfig
 .text.HAL_NVIC_SetPriorityGrouping
                0x0000000008001350       0x24 build/stm32f3xx_hal_cortex.o
                0x0000000008001350                HAL_NVIC_SetPriorityGrouping
 .text.HAL_NVIC_SetPriority
                0x0000000008001374       0x7c build/stm32f3xx_hal_cortex.o
                0x0000000008001374                HAL_NVIC_SetPriority
 .text.HAL_NVIC_EnableIRQ
                0x00000000080013f0       0x1c build/stm32f3xx_hal_cortex.o
                0x00000000080013f0                HAL_NVIC_EnableIRQ
 .text.HAL_TIM_Base_MspInit
                0x000000000800140c        0x4 build/stm32f3xx_hal_tim.o
                0x000000000800140c                HAL_TIM_Base_MspInit
 .text.HAL_TIM_Base_Start_IT
                0x0000000008001410       0x64 build/stm32f3xx_hal_tim.o
                0x0000000008001410                HAL_TIM_Base_Start_IT
 .text.HAL_TIM_OC_DelayElapsedCallback
                0x0000000008001474        0x4 build/stm32f3xx_hal_tim.o
                0x0000000008001474                HAL_TIM_OC_DelayElapsedCallback
 .text.HAL_TIM_IC_CaptureCallback
                0x0000000008001478        0x4 build/stm32f3xx_hal_tim.o
                0x0000000008001478                HAL_TIM_IC_CaptureCallback
 .text.HAL_TIM_PWM_PulseFinishedCallback
                0x000000000800147c        0x4 build/stm32f3xx_hal_tim.o
                0x000000000800147c                HAL_TIM_PWM_PulseFinishedCallback
 .text.HAL_TIM_TriggerCallback
                0x0000000008001480        0x4 build/stm32f3xx_hal_tim.o
                0x0000000008001480                HAL_TIM_TriggerCallback
 .text.HAL_TIM_IRQHandler
                0x0000000008001484      0x170 build/stm32f3xx_hal_tim.o
                0x0000000008001484                HAL_TIM_IRQHandler
 .text.TIM_Base_SetConfig
                0x00000000080015f4       0xb4 build/stm32f3xx_hal_tim.o
                0x00000000080015f4                TIM_Base_SetConfig
 .text.HAL_TIM_Base_Init
                0x00000000080016a8       0x64 build/stm32f3xx_hal_tim.o
                0x00000000080016a8                HAL_TIM_Base_Init
 .text.HAL_TIMEx_CommutCallback
                0x000000000800170c        0x4 build/stm32f3xx_hal_tim_ex.o
                0x000000000800170c                HAL_TIMEx_CommutCallback
 .text.HAL_TIMEx_BreakCallback
                0x0000000008001710        0x4 build/stm32f3xx_hal_tim_ex.o
                0x0000000008001710                HAL_TIMEx_BreakCallback
 .text.HAL_TIMEx_Break2Callback
                0x0000000008001714        0x4 build/stm32f3xx_hal_tim_ex.o
                0x0000000008001714                HAL_TIMEx_Break2Callback
 .text.SystemInit
                0x0000000008001718       0x14 build/system_stm32f3xx.o
                0x0000000008001718                SystemInit
 .text.LL_SetSystemCoreClock
                0x000000000800172c        0xc build/stm32f3xx_ll_utils.o
                0x000000000800172c                LL_SetSystemCoreClock
 .text.LL_EXTI_Init
                0x0000000008001738      0x168 build/stm32f3xx_ll_exti.o
                0x0000000008001738                LL_EXTI_Init
 .text.LL_GPIO_Init
                0x00000000080018a0      0x16c build/stm32f3xx_ll_gpio.o
                0x00000000080018a0                LL_GPIO_Init
 .text.LL_ADC_CommonInit
                0x0000000008001a0c       0x54 build/stm32f3xx_ll_adc.o
                0x0000000008001a0c                LL_ADC_CommonInit
 .text.LL_ADC_Init
                0x0000000008001a60       0x34 build/stm32f3xx_ll_adc.o
                0x0000000008001a60                LL_ADC_Init
 .text.LL_ADC_REG_Init
                0x0000000008001a94       0x44 build/stm32f3xx_ll_adc.o
                0x0000000008001a94                LL_ADC_REG_Init
 .text.LL_RCC_GetSystemClocksFreq
                0x0000000008001ad8       0x90 build/stm32f3xx_ll_rcc.o
                0x0000000008001ad8                LL_RCC_GetSystemClocksFreq
 .text.RCC_GetSystemClockFreq
                0x0000000008001b68       0x54 build/stm32f3xx_ll_rcc.o
                0x0000000008001b68                RCC_GetSystemClockFreq
 .text.LL_RCC_GetUSARTClockFreq
                0x0000000008001bbc       0x6c build/stm32f3xx_ll_rcc.o
                0x0000000008001bbc                LL_RCC_GetUSARTClockFreq
 .text.LL_COMP_Init
                0x0000000008001c28       0x30 build/stm32f3xx_ll_comp.o
                0x0000000008001c28                LL_COMP_Init
 .text.LL_DAC_Init
                0x0000000008001c58       0x70 build/stm32f3xx_ll_dac.o
                0x0000000008001c58                LL_DAC_Init
 .text.LL_TIM_Init
                0x0000000008001cc8       0x8c build/stm32f3xx_ll_tim.o
                0x0000000008001cc8                LL_TIM_Init
 .text.LL_TIM_OC_Init
                0x0000000008001d54      0x2f4 build/stm32f3xx_ll_tim.o
                0x0000000008001d54                LL_TIM_OC_Init
 .text.LL_TIM_BDTR_Init
                0x0000000008002048       0x70 build/stm32f3xx_ll_tim.o
                0x0000000008002048                LL_TIM_BDTR_Init
 .text.LL_USART_Init
                0x00000000080020b8       0xb8 build/stm32f3xx_ll_usart.o
                0x00000000080020b8                LL_USART_Init
 .text.edcmain  0x0000000008002170        0x4 build/edcmain.o
                0x0000000008002170                edcmain
 .text.Reset_Handler
                0x0000000008002174       0x50 build/startup_stm32f334x8.o
                0x0000000008002174                Reset_Handler
 .text.Default_Handler
                0x00000000080021c4        0x2 build/startup_stm32f334x8.o
                0x00000000080021c4                EXTI2_TSC_IRQHandler
                0x00000000080021c4                HRTIM1_Master_IRQHandler
                0x00000000080021c4                DebugMon_Handler
                0x00000000080021c4                TIM1_CC_IRQHandler
                0x00000000080021c4                HardFault_Handler
                0x00000000080021c4                HRTIM1_FLT_IRQHandler
                0x00000000080021c4                PVD_IRQHandler
                0x00000000080021c4                HRTIM1_TIMD_IRQHandler
                0x00000000080021c4                TAMP_STAMP_IRQHandler
                0x00000000080021c4                NMI_Handler
                0x00000000080021c4                EXTI3_IRQHandler
                0x00000000080021c4                EXTI0_IRQHandler
                0x00000000080021c4                FPU_IRQHandler
                0x00000000080021c4                CAN_TX_IRQHandler
                0x00000000080021c4                TIM1_UP_TIM16_IRQHandler
                0x00000000080021c4                UsageFault_Handler
                0x00000000080021c4                HRTIM1_TIME_IRQHandler
                0x00000000080021c4                SPI1_IRQHandler
                0x00000000080021c4                CAN_SCE_IRQHandler
                0x00000000080021c4                HRTIM1_TIMC_IRQHandler
                0x00000000080021c4                USART3_IRQHandler
                0x00000000080021c4                DMA1_Channel7_IRQHandler
                0x00000000080021c4                CAN_RX1_IRQHandler
                0x00000000080021c4                I2C1_EV_IRQHandler
                0x00000000080021c4                TIM3_IRQHandler
                0x00000000080021c4                RCC_IRQHandler
                0x00000000080021c4                Default_Handler
                0x00000000080021c4                EXTI15_10_IRQHandler
                0x00000000080021c4                COMP2_IRQHandler
                0x00000000080021c4                HRTIM1_TIMA_IRQHandler
                0x00000000080021c4                TIM6_DAC1_IRQHandler
                0x00000000080021c4                EXTI9_5_IRQHandler
                0x00000000080021c4                RTC_WKUP_IRQHandler
                0x00000000080021c4                MemManage_Handler
                0x00000000080021c4                DMA1_Channel5_IRQHandler
                0x00000000080021c4                EXTI4_IRQHandler
                0x00000000080021c4                HRTIM1_TIMB_IRQHandler
                0x00000000080021c4                TIM1_TRG_COM_TIM17_IRQHandler
                0x00000000080021c4                WWDG_IRQHandler
                0x00000000080021c4                TIM2_IRQHandler
                0x00000000080021c4                EXTI1_IRQHandler
                0x00000000080021c4                FLASH_IRQHandler
                0x00000000080021c4                BusFault_Handler
                0x00000000080021c4                USART1_IRQHandler
                0x00000000080021c4                CAN_RX0_IRQHandler
                0x00000000080021c4                I2C1_ER_IRQHandler
                0x00000000080021c4                RTC_Alarm_IRQHandler
 .text.memset   0x00000000080021c6       0x10 /Applications/ArmGNUToolchain/11.3.rel1/arm-none-eabi/bin/../lib/gcc/arm-none-eabi/11.3.1/../../../../arm-none-eabi/lib/thumb/v7e-m+fp/hard/libc_nano.a(libc_a-memset.o)
                0x00000000080021c6                memset
 *fill*         0x00000000080021d6        0x2 
 .text.__libc_init_array
                0x00000000080021d8       0x48 /Applications/ArmGNUToolchain/11.3.rel1/arm-none-eabi/bin/../lib/gcc/arm-none-eabi/11.3.1/../../../../arm-none-eabi/lib/thumb/v7e-m+fp/hard/libc_nano.a(libc_a-init.o)
                0x00000000080021d8                __libc_init_array
 *(.glue_7)
 .glue_7        0x0000000008002220        0x0 linker stubs
 *(.glue_7t)
 .glue_7t       0x0000000008002220        0x0 linker stubs
 *(.eh_frame)
 .eh_frame      0x0000000008002220        0x0 /Applications/ArmGNUToolchain/11.3.rel1/arm-none-eabi/bin/../lib/gcc/arm-none-eabi/11.3.1/thumb/v7e-m+fp/hard/crtbegin.o
 *(.init)
 .init          0x0000000008002220        0x4 /Applications/ArmGNUToolchain/11.3.rel1/arm-none-eabi/bin/../lib/gcc/arm-none-eabi/11.3.1/thumb/v7e-m+fp/hard/crti.o
                0x0000000008002220                _init
 .init          0x0000000008002224        0x8 /Applications/ArmGNUToolchain/11.3.rel1/arm-none-eabi/bin/../lib/gcc/arm-none-eabi/11.3.1/thumb/v7e-m+fp/hard/crtn.o
 *(.fini)
 .fini          0x000000000800222c        0x4 /Applications/ArmGNUToolchain/11.3.rel1/arm-none-eabi/bin/../lib/gcc/arm-none-eabi/11.3.1/thumb/v7e-m+fp/hard/crti.o
                0x000000000800222c                _fini
 .fini          0x0000000008002230        0x8 /Applications/ArmGNUToolchain/11.3.rel1/arm-none-eabi/bin/../lib/gcc/arm-none-eabi/11.3.1/thumb/v7e-m+fp/hard/crtn.o
                0x0000000008002238                . = ALIGN (0x4)
                0x0000000008002238                _etext = .

.vfp11_veneer   0x0000000008002238        0x0
 .vfp11_veneer  0x0000000008002238        0x0 linker stubs

.v4_bx          0x0000000008002238        0x0
 .v4_bx         0x0000000008002238        0x0 linker stubs

.iplt           0x0000000008002238        0x0
 .iplt          0x0000000008002238        0x0 /Applications/ArmGNUToolchain/11.3.rel1/arm-none-eabi/bin/../lib/gcc/arm-none-eabi/11.3.1/thumb/v7e-m+fp/hard/crtbegin.o

.rodata         0x0000000008002238       0x30
                0x0000000008002238                . = ALIGN (0x4)
 *(.rodata)
 *(.rodata*)
 .rodata.OFFSET_TAB_CCMRx
                0x0000000008002238        0x9 build/main.o
 *fill*         0x0000000008002241        0x3 
 .rodata.SHIFT_TAB_OCxx
                0x0000000008002244        0x9 build/main.o
 *fill*         0x000000000800224d        0x3 
 .rodata.AHBPrescTable
                0x0000000008002250       0x10 build/system_stm32f3xx.o
                0x0000000008002250                AHBPrescTable
 .rodata.APBPrescTable
                0x0000000008002260        0x8 build/system_stm32f3xx.o
                0x0000000008002260                APBPrescTable
                0x0000000008002268                . = ALIGN (0x4)

.rel.dyn        0x0000000008002268        0x0
 .rel.iplt      0x0000000008002268        0x0 /Applications/ArmGNUToolchain/11.3.rel1/arm-none-eabi/bin/../lib/gcc/arm-none-eabi/11.3.1/thumb/v7e-m+fp/hard/crtbegin.o

.ARM.extab
 *(.ARM.extab* .gnu.linkonce.armextab.*)

.ARM            0x0000000008002268        0x0
                0x0000000008002268                __exidx_start = .
 *(.ARM.exidx*)
                0x0000000008002268                __exidx_end = .

.preinit_array  0x0000000008002268        0x0
                0x0000000008002268                PROVIDE (__preinit_array_start = .)
 *(.preinit_array*)
                0x0000000008002268                PROVIDE (__preinit_array_end = .)

.init_array     0x0000000008002268        0x4
                0x0000000008002268                PROVIDE (__init_array_start = .)
 *(SORT_BY_NAME(.init_array.*))
 *(.init_array*)
 .init_array    0x0000000008002268        0x4 /Applications/ArmGNUToolchain/11.3.rel1/arm-none-eabi/bin/../lib/gcc/arm-none-eabi/11.3.1/thumb/v7e-m+fp/hard/crtbegin.o
                0x000000000800226c                PROVIDE (__init_array_end = .)

.fini_array     0x000000000800226c        0x4
                [!provide]                        PROVIDE (__fini_array_start = .)
 *(SORT_BY_NAME(.fini_array.*))
 *(.fini_array*)
 .fini_array    0x000000000800226c        0x4 /Applications/ArmGNUToolchain/11.3.rel1/arm-none-eabi/bin/../lib/gcc/arm-none-eabi/11.3.1/thumb/v7e-m+fp/hard/crtbegin.o
                [!provide]                        PROVIDE (__fini_array_end = .)
                0x0000000008002270                _sidata = LOADADDR (.data)

.data           0x0000000020000000        0xc load address 0x0000000008002270
                0x0000000020000000                . = ALIGN (0x4)
                0x0000000020000000                _sdata = .
 *(.data)
 *(.data*)
 .data.uwTickFreq
                0x0000000020000000        0x1 build/stm32f3xx_hal.o
                0x0000000020000000                uwTickFreq
 *fill*         0x0000000020000001        0x3 
 .data.uwTickPrio
                0x0000000020000004        0x4 build/stm32f3xx_hal.o
                0x0000000020000004                uwTickPrio
 .data.SystemCoreClock
                0x0000000020000008        0x4 build/system_stm32f3xx.o
                0x0000000020000008                SystemCoreClock
                0x000000002000000c                . = ALIGN (0x4)
                0x000000002000000c                _edata = .
                0x000000000800227c                _siccmram = LOADADDR (.ccmram)

.tm_clone_table
                0x000000002000000c        0x0 load address 0x000000000800227c
 .tm_clone_table
                0x000000002000000c        0x0 /Applications/ArmGNUToolchain/11.3.rel1/arm-none-eabi/bin/../lib/gcc/arm-none-eabi/11.3.1/thumb/v7e-m+fp/hard/crtbegin.o
 .tm_clone_table
                0x000000002000000c        0x0 /Applications/ArmGNUToolchain/11.3.rel1/arm-none-eabi/bin/../lib/gcc/arm-none-eabi/11.3.1/thumb/v7e-m+fp/hard/crtend.o

.igot.plt       0x000000002000000c        0x0 load address 0x000000000800227c
 .igot.plt      0x000000002000000c        0x0 /Applications/ArmGNUToolchain/11.3.rel1/arm-none-eabi/bin/../lib/gcc/arm-none-eabi/11.3.1/thumb/v7e-m+fp/hard/crtbegin.o

.ccmram         0x0000000010000000        0x0 load address 0x000000000800227c
                0x0000000010000000                . = ALIGN (0x4)
                0x0000000010000000                _sccmram = .
 *(.ccmram)
 *(.ccmram*)
                0x0000000010000000                . = ALIGN (0x4)
                0x0000000010000000                _eccmram = .
                0x0000000010000000                . = ALIGN (0x4)

.bss            0x000000002000000c       0x6c
                0x000000002000000c                _sbss = .
                0x000000002000000c                __bss_start__ = _sbss
 *(.bss)
 *(.bss*)
 .bss.completed.1
                0x000000002000000c        0x1 /Applications/ArmGNUToolchain/11.3.rel1/arm-none-eabi/bin/../lib/gcc/arm-none-eabi/11.3.1/thumb/v7e-m+fp/hard/crtbegin.o
 *fill*         0x000000002000000d        0x3 
 .bss.object.0  0x0000000020000010       0x18 /Applications/ArmGNUToolchain/11.3.rel1/arm-none-eabi/bin/../lib/gcc/arm-none-eabi/11.3.1/thumb/v7e-m+fp/hard/crtbegin.o
 .bss.htim7     0x0000000020000028       0x4c build/stm32f3xx_hal_timebase_tim.o
                0x0000000020000028                htim7
 .bss.uwTick    0x0000000020000074        0x4 build/stm32f3xx_hal.o
                0x0000000020000074                uwTick
 *(COMMON)
                0x0000000020000078                . = ALIGN (0x4)
                0x0000000020000078                _ebss = .
                0x0000000020000078                __bss_end__ = _ebss

._user_heap_stack
                0x0000000020000078      0x600
                0x0000000020000078                . = ALIGN (0x8)
                0x0000000020000078                PROVIDE (end = .)
                [!provide]                        PROVIDE (_end = .)
                0x0000000020000278                . = (. + _Min_Heap_Size)
 *fill*         0x0000000020000078      0x200 
                0x0000000020000678                . = (. + _Min_Stack_Size)
 *fill*         0x0000000020000278      0x400 
                0x0000000020000678                . = ALIGN (0x8)

/DISCARD/
 libc.a(*)
 libm.a(*)
 libgcc.a(*)

.ARM.attributes
                0x0000000000000000       0x30
 *(.ARM.attributes)
 .ARM.attributes
                0x0000000000000000       0x1e /Applications/ArmGNUToolchain/11.3.rel1/arm-none-eabi/bin/../lib/gcc/arm-none-eabi/11.3.1/thumb/v7e-m+fp/hard/crti.o
 .ARM.attributes
                0x000000000000001e       0x34 /Applications/ArmGNUToolchain/11.3.rel1/arm-none-eabi/bin/../lib/gcc/arm-none-eabi/11.3.1/thumb/v7e-m+fp/hard/crtbegin.o
 .ARM.attributes
                0x0000000000000052       0x34 build/main.o
 .ARM.attributes
                0x0000000000000086       0x34 build/stm32f3xx_it.o
 .ARM.attributes
                0x00000000000000ba       0x34 build/stm32f3xx_hal_msp.o
 .ARM.attributes
                0x00000000000000ee       0x34 build/stm32f3xx_hal_timebase_tim.o
 .ARM.attributes
                0x0000000000000122       0x34 build/stm32f3xx_hal.o
 .ARM.attributes
                0x0000000000000156       0x34 build/stm32f3xx_hal_rcc.o
 .ARM.attributes
                0x000000000000018a       0x34 build/stm32f3xx_hal_cortex.o
 .ARM.attributes
                0x00000000000001be       0x34 build/stm32f3xx_hal_tim.o
 .ARM.attributes
                0x00000000000001f2       0x34 build/stm32f3xx_hal_tim_ex.o
 .ARM.attributes
                0x0000000000000226       0x34 build/system_stm32f3xx.o
 .ARM.attributes
                0x000000000000025a       0x34 build/stm32f3xx_ll_utils.o
 .ARM.attributes
                0x000000000000028e       0x34 build/stm32f3xx_ll_exti.o
 .ARM.attributes
                0x00000000000002c2       0x34 build/stm32f3xx_ll_gpio.o
 .ARM.attributes
                0x00000000000002f6       0x34 build/stm32f3xx_ll_adc.o
 .ARM.attributes
                0x000000000000032a       0x34 build/stm32f3xx_ll_rcc.o
 .ARM.attributes
                0x000000000000035e       0x34 build/stm32f3xx_ll_comp.o
 .ARM.attributes
                0x0000000000000392       0x34 build/stm32f3xx_ll_dac.o
 .ARM.attributes
                0x00000000000003c6       0x34 build/stm32f3xx_ll_tim.o
 .ARM.attributes
                0x00000000000003fa       0x34 build/stm32f3xx_ll_usart.o
 .ARM.attributes
                0x000000000000042e       0x34 build/edcmain.o
 .ARM.attributes
                0x0000000000000462       0x21 build/startup_stm32f334x8.o
 .ARM.attributes
                0x0000000000000483       0x34 /Applications/ArmGNUToolchain/11.3.rel1/arm-none-eabi/bin/../lib/gcc/arm-none-eabi/11.3.1/../../../../arm-none-eabi/lib/thumb/v7e-m+fp/hard/libc_nano.a(libc_a-memset.o)
 .ARM.attributes
                0x00000000000004b7       0x34 /Applications/ArmGNUToolchain/11.3.rel1/arm-none-eabi/bin/../lib/gcc/arm-none-eabi/11.3.1/../../../../arm-none-eabi/lib/thumb/v7e-m+fp/hard/libc_nano.a(libc_a-init.o)
 .ARM.attributes
                0x00000000000004eb       0x34 /Applications/ArmGNUToolchain/11.3.rel1/arm-none-eabi/bin/../lib/gcc/arm-none-eabi/11.3.1/thumb/v7e-m+fp/hard/crtend.o
 .ARM.attributes
                0x000000000000051f       0x1e /Applications/ArmGNUToolchain/11.3.rel1/arm-none-eabi/bin/../lib/gcc/arm-none-eabi/11.3.1/thumb/v7e-m+fp/hard/crtn.o
OUTPUT(build/dmn-edc32.elf elf32-littlearm)
LOAD linker stubs
LOAD /Applications/ArmGNUToolchain/11.3.rel1/arm-none-eabi/bin/../lib/gcc/arm-none-eabi/11.3.1/../../../../arm-none-eabi/lib/thumb/v7e-m+fp/hard/libc.a
LOAD /Applications/ArmGNUToolchain/11.3.rel1/arm-none-eabi/bin/../lib/gcc/arm-none-eabi/11.3.1/../../../../arm-none-eabi/lib/thumb/v7e-m+fp/hard/libm.a
LOAD /Applications/ArmGNUToolchain/11.3.rel1/arm-none-eabi/bin/../lib/gcc/arm-none-eabi/11.3.1/thumb/v7e-m+fp/hard/libgcc.a

.comment        0x0000000000000000       0x33
 .comment       0x0000000000000000       0x33 /Applications/ArmGNUToolchain/11.3.rel1/arm-none-eabi/bin/../lib/gcc/arm-none-eabi/11.3.1/thumb/v7e-m+fp/hard/crtbegin.o
                                         0x34 (size before relaxing)
 .comment       0x0000000000000033       0x34 build/main.o
 .comment       0x0000000000000033       0x34 build/stm32f3xx_it.o
 .comment       0x0000000000000033       0x34 build/stm32f3xx_hal_msp.o
 .comment       0x0000000000000033       0x34 build/stm32f3xx_hal_timebase_tim.o
 .comment       0x0000000000000033       0x34 build/stm32f3xx_hal.o
 .comment       0x0000000000000033       0x34 build/stm32f3xx_hal_rcc.o
 .comment       0x0000000000000033       0x34 build/stm32f3xx_hal_cortex.o
 .comment       0x0000000000000033       0x34 build/stm32f3xx_hal_tim.o
 .comment       0x0000000000000033       0x34 build/stm32f3xx_hal_tim_ex.o
 .comment       0x0000000000000033       0x34 build/system_stm32f3xx.o
 .comment       0x0000000000000033       0x34 build/stm32f3xx_ll_utils.o
 .comment       0x0000000000000033       0x34 build/stm32f3xx_ll_exti.o
 .comment       0x0000000000000033       0x34 build/stm32f3xx_ll_gpio.o
 .comment       0x0000000000000033       0x34 build/stm32f3xx_ll_adc.o
 .comment       0x0000000000000033       0x34 build/stm32f3xx_ll_rcc.o
 .comment       0x0000000000000033       0x34 build/stm32f3xx_ll_comp.o
 .comment       0x0000000000000033       0x34 build/stm32f3xx_ll_dac.o
 .comment       0x0000000000000033       0x34 build/stm32f3xx_ll_tim.o
 .comment       0x0000000000000033       0x34 build/stm32f3xx_ll_usart.o
 .comment       0x0000000000000033       0x34 build/edcmain.o
 .comment       0x0000000000000033       0x34 /Applications/ArmGNUToolchain/11.3.rel1/arm-none-eabi/bin/../lib/gcc/arm-none-eabi/11.3.1/../../../../arm-none-eabi/lib/thumb/v7e-m+fp/hard/libc_nano.a(libc_a-memset.o)
 .comment       0x0000000000000033       0x34 /Applications/ArmGNUToolchain/11.3.rel1/arm-none-eabi/bin/../lib/gcc/arm-none-eabi/11.3.1/../../../../arm-none-eabi/lib/thumb/v7e-m+fp/hard/libc_nano.a(libc_a-init.o)
 .comment       0x0000000000000033       0x34 /Applications/ArmGNUToolchain/11.3.rel1/arm-none-eabi/bin/../lib/gcc/arm-none-eabi/11.3.1/thumb/v7e-m+fp/hard/crtend.o

.debug_info     0x0000000000000000    0x182a7
 .debug_info    0x0000000000000000     0x5fde build/main.o
 .debug_info    0x0000000000005fde      0x876 build/stm32f3xx_it.o
 .debug_info    0x0000000000006854      0x28e build/stm32f3xx_hal_msp.o
 .debug_info    0x0000000000006ae2      0xc03 build/stm32f3xx_hal_timebase_tim.o
 .debug_info    0x00000000000076e5      0x92f build/stm32f3xx_hal.o
 .debug_info    0x0000000000008014     0x16ac build/stm32f3xx_hal_rcc.o
 .debug_info    0x00000000000096c0      0xe55 build/stm32f3xx_hal_cortex.o
 .debug_info    0x000000000000a515     0x4d05 build/stm32f3xx_hal_tim.o
 .debug_info    0x000000000000f21a     0x1e57 build/stm32f3xx_hal_tim_ex.o
 .debug_info    0x0000000000011071      0x476 build/system_stm32f3xx.o
 .debug_info    0x00000000000114e7      0xe3f build/stm32f3xx_ll_utils.o
 .debug_info    0x0000000000012326      0x8e5 build/stm32f3xx_ll_exti.o
 .debug_info    0x0000000000012c0b      0xac8 build/stm32f3xx_ll_gpio.o
 .debug_info    0x00000000000136d3      0xdee build/stm32f3xx_ll_adc.o
 .debug_info    0x00000000000144c1     0x13a0 build/stm32f3xx_ll_rcc.o
 .debug_info    0x0000000000015861      0x2a1 build/stm32f3xx_ll_comp.o
 .debug_info    0x0000000000015b02      0x4d9 build/stm32f3xx_ll_dac.o
 .debug_info    0x0000000000015fdb     0x176c build/stm32f3xx_ll_tim.o
 .debug_info    0x0000000000017747      0x914 build/stm32f3xx_ll_usart.o
 .debug_info    0x000000000001805b       0x3f build/edcmain.o
 .debug_info    0x000000000001809a       0x22 build/startup_stm32f334x8.o
 .debug_info    0x00000000000180bc       0xe0 /Applications/ArmGNUToolchain/11.3.rel1/arm-none-eabi/bin/../lib/gcc/arm-none-eabi/11.3.1/../../../../arm-none-eabi/lib/thumb/v7e-m+fp/hard/libc_nano.a(libc_a-memset.o)
 .debug_info    0x000000000001819c      0x10b /Applications/ArmGNUToolchain/11.3.rel1/arm-none-eabi/bin/../lib/gcc/arm-none-eabi/11.3.1/../../../../arm-none-eabi/lib/thumb/v7e-m+fp/hard/libc_nano.a(libc_a-init.o)

.debug_abbrev   0x0000000000000000     0x3402
 .debug_abbrev  0x0000000000000000      0x504 build/main.o
 .debug_abbrev  0x0000000000000504      0x1b2 build/stm32f3xx_it.o
 .debug_abbrev  0x00000000000006b6       0xe9 build/stm32f3xx_hal_msp.o
 .debug_abbrev  0x000000000000079f      0x22b build/stm32f3xx_hal_timebase_tim.o
 .debug_abbrev  0x00000000000009ca      0x289 build/stm32f3xx_hal.o
 .debug_abbrev  0x0000000000000c53      0x3a5 build/stm32f3xx_hal_rcc.o
 .debug_abbrev  0x0000000000000ff8      0x34f build/stm32f3xx_hal_cortex.o
 .debug_abbrev  0x0000000000001347      0x3b3 build/stm32f3xx_hal_tim.o
 .debug_abbrev  0x00000000000016fa      0x364 build/stm32f3xx_hal_tim_ex.o
 .debug_abbrev  0x0000000000001a5e      0x11b build/system_stm32f3xx.o
 .debug_abbrev  0x0000000000001b79      0x3a5 build/stm32f3xx_ll_utils.o
 .debug_abbrev  0x0000000000001f1e      0x1f1 build/stm32f3xx_ll_exti.o
 .debug_abbrev  0x000000000000210f      0x272 build/stm32f3xx_ll_gpio.o
 .debug_abbrev  0x0000000000002381      0x23f build/stm32f3xx_ll_adc.o
 .debug_abbrev  0x00000000000025c0      0x36a build/stm32f3xx_ll_rcc.o
 .debug_abbrev  0x000000000000292a      0x18b build/stm32f3xx_ll_comp.o
 .debug_abbrev  0x0000000000002ab5      0x1f8 build/stm32f3xx_ll_dac.o
 .debug_abbrev  0x0000000000002cad      0x2b6 build/stm32f3xx_ll_tim.o
 .debug_abbrev  0x0000000000002f63      0x2f8 build/stm32f3xx_ll_usart.o
 .debug_abbrev  0x000000000000325b       0x2e build/edcmain.o
 .debug_abbrev  0x0000000000003289       0x12 build/startup_stm32f334x8.o
 .debug_abbrev  0x000000000000329b       0x9e /Applications/ArmGNUToolchain/11.3.rel1/arm-none-eabi/bin/../lib/gcc/arm-none-eabi/11.3.1/../../../../arm-none-eabi/lib/thumb/v7e-m+fp/hard/libc_nano.a(libc_a-memset.o)
 .debug_abbrev  0x0000000000003339       0xc9 /Applications/ArmGNUToolchain/11.3.rel1/arm-none-eabi/bin/../lib/gcc/arm-none-eabi/11.3.1/../../../../arm-none-eabi/lib/thumb/v7e-m+fp/hard/libc_nano.a(libc_a-init.o)

.debug_loc      0x0000000000000000    0x11445
 .debug_loc     0x0000000000000000     0x2521 build/main.o
 .debug_loc     0x0000000000002521       0x2c build/stm32f3xx_hal_msp.o
 .debug_loc     0x000000000000254d      0x136 build/stm32f3xx_hal_timebase_tim.o
 .debug_loc     0x0000000000002683      0x208 build/stm32f3xx_hal.o
 .debug_loc     0x000000000000288b      0xedb build/stm32f3xx_hal_rcc.o
 .debug_loc     0x0000000000003766      0x802 build/stm32f3xx_hal_cortex.o
 .debug_loc     0x0000000000003f68     0x6d7a build/stm32f3xx_hal_tim.o
 .debug_loc     0x000000000000ace2     0x1dab build/stm32f3xx_hal_tim_ex.o
 .debug_loc     0x000000000000ca8d      0x12b build/system_stm32f3xx.o
 .debug_loc     0x000000000000cbb8      0xa4d build/stm32f3xx_ll_utils.o
 .debug_loc     0x000000000000d605      0x39f build/stm32f3xx_ll_exti.o
 .debug_loc     0x000000000000d9a4      0x6a1 build/stm32f3xx_ll_gpio.o
 .debug_loc     0x000000000000e045      0x719 build/stm32f3xx_ll_adc.o
 .debug_loc     0x000000000000e75e      0xd02 build/stm32f3xx_ll_rcc.o
 .debug_loc     0x000000000000f460      0x150 build/stm32f3xx_ll_comp.o
 .debug_loc     0x000000000000f5b0      0x202 build/stm32f3xx_ll_dac.o
 .debug_loc     0x000000000000f7b2     0x1791 build/stm32f3xx_ll_tim.o
 .debug_loc     0x0000000000010f43      0x502 build/stm32f3xx_ll_usart.o

.debug_aranges  0x0000000000000000      0x9d8
 .debug_aranges
                0x0000000000000000       0x50 build/main.o
 .debug_aranges
                0x0000000000000050       0x28 build/stm32f3xx_it.o
 .debug_aranges
                0x0000000000000078       0x20 build/stm32f3xx_hal_msp.o
 .debug_aranges
                0x0000000000000098       0x30 build/stm32f3xx_hal_timebase_tim.o
 .debug_aranges
                0x00000000000000c8       0xd8 build/stm32f3xx_hal.o
 .debug_aranges
                0x00000000000001a0       0x88 build/stm32f3xx_hal_rcc.o
 .debug_aranges
                0x0000000000000228       0x90 build/stm32f3xx_hal_cortex.o
 .debug_aranges
                0x00000000000002b8      0x2a8 build/stm32f3xx_hal_tim.o
 .debug_aranges
                0x0000000000000560      0x118 build/stm32f3xx_hal_tim_ex.o
 .debug_aranges
                0x0000000000000678       0x28 build/system_stm32f3xx.o
 .debug_aranges
                0x00000000000006a0       0x50 build/stm32f3xx_ll_utils.o
 .debug_aranges
                0x00000000000006f0       0x30 build/stm32f3xx_ll_exti.o
 .debug_aranges
                0x0000000000000720       0x30 build/stm32f3xx_ll_gpio.o
 .debug_aranges
                0x0000000000000750       0x68 build/stm32f3xx_ll_adc.o
 .debug_aranges
                0x00000000000007b8       0x78 build/stm32f3xx_ll_rcc.o
 .debug_aranges
                0x0000000000000830       0x30 build/stm32f3xx_ll_comp.o
 .debug_aranges
                0x0000000000000860       0x30 build/stm32f3xx_ll_dac.o
 .debug_aranges
                0x0000000000000890       0x80 build/stm32f3xx_ll_tim.o
 .debug_aranges
                0x0000000000000910       0x40 build/stm32f3xx_ll_usart.o
 .debug_aranges
                0x0000000000000950       0x20 build/edcmain.o
 .debug_aranges
                0x0000000000000970       0x28 build/startup_stm32f334x8.o
 .debug_aranges
                0x0000000000000998       0x20 /Applications/ArmGNUToolchain/11.3.rel1/arm-none-eabi/bin/../lib/gcc/arm-none-eabi/11.3.1/../../../../arm-none-eabi/lib/thumb/v7e-m+fp/hard/libc_nano.a(libc_a-memset.o)
 .debug_aranges
                0x00000000000009b8       0x20 /Applications/ArmGNUToolchain/11.3.rel1/arm-none-eabi/bin/../lib/gcc/arm-none-eabi/11.3.1/../../../../arm-none-eabi/lib/thumb/v7e-m+fp/hard/libc_nano.a(libc_a-init.o)

.debug_ranges   0x0000000000000000     0x27e0
 .debug_ranges  0x0000000000000000      0x898 build/main.o
 .debug_ranges  0x0000000000000898       0x18 build/stm32f3xx_it.o
 .debug_ranges  0x00000000000008b0       0x28 build/stm32f3xx_hal_msp.o
 .debug_ranges  0x00000000000008d8       0x48 build/stm32f3xx_hal_timebase_tim.o
 .debug_ranges  0x0000000000000920       0xc8 build/stm32f3xx_hal.o
 .debug_ranges  0x00000000000009e8      0x3f0 build/stm32f3xx_hal_rcc.o
 .debug_ranges  0x0000000000000dd8      0x178 build/stm32f3xx_hal_cortex.o
 .debug_ranges  0x0000000000000f50      0x5c8 build/stm32f3xx_hal_tim.o
 .debug_ranges  0x0000000000001518      0x1f0 build/stm32f3xx_hal_tim_ex.o
 .debug_ranges  0x0000000000001708       0x18 build/system_stm32f3xx.o
 .debug_ranges  0x0000000000001720      0x288 build/stm32f3xx_ll_utils.o
 .debug_ranges  0x00000000000019a8       0x50 build/stm32f3xx_ll_exti.o
 .debug_ranges  0x00000000000019f8      0x108 build/stm32f3xx_ll_gpio.o
 .debug_ranges  0x0000000000001b00      0x180 build/stm32f3xx_ll_adc.o
 .debug_ranges  0x0000000000001c80      0x6e8 build/stm32f3xx_ll_rcc.o
 .debug_ranges  0x0000000000002368       0x20 build/stm32f3xx_ll_comp.o
 .debug_ranges  0x0000000000002388       0x50 build/stm32f3xx_ll_dac.o
 .debug_ranges  0x00000000000023d8      0x310 build/stm32f3xx_ll_tim.o
 .debug_ranges  0x00000000000026e8       0xc8 build/stm32f3xx_ll_usart.o
 .debug_ranges  0x00000000000027b0       0x10 build/edcmain.o
 .debug_ranges  0x00000000000027c0       0x20 build/startup_stm32f334x8.o

.debug_line     0x0000000000000000    0x100dd
 .debug_line    0x0000000000000000     0x220d build/main.o
 .debug_line    0x000000000000220d      0x1ed build/stm32f3xx_it.o
 .debug_line    0x00000000000023fa      0x1b0 build/stm32f3xx_hal_msp.o
 .debug_line    0x00000000000025aa      0x2f8 build/stm32f3xx_hal_timebase_tim.o
 .debug_line    0x00000000000028a2      0x553 build/stm32f3xx_hal.o
 .debug_line    0x0000000000002df5     0x13c8 build/stm32f3xx_hal_rcc.o
 .debug_line    0x00000000000041bd      0x6ad build/stm32f3xx_hal_cortex.o
 .debug_line    0x000000000000486a     0x5329 build/stm32f3xx_hal_tim.o
 .debug_line    0x0000000000009b93     0x19f8 build/stm32f3xx_hal_tim_ex.o
 .debug_line    0x000000000000b58b      0x228 build/system_stm32f3xx.o
 .debug_line    0x000000000000b7b3      0x9b8 build/stm32f3xx_ll_utils.o
 .debug_line    0x000000000000c16b      0x54d build/stm32f3xx_ll_exti.o
 .debug_line    0x000000000000c6b8      0x611 build/stm32f3xx_ll_gpio.o
 .debug_line    0x000000000000ccc9      0x791 build/stm32f3xx_ll_adc.o
 .debug_line    0x000000000000d45a      0xffd build/stm32f3xx_ll_rcc.o
 .debug_line    0x000000000000e457      0x27f build/stm32f3xx_ll_comp.o
 .debug_line    0x000000000000e6d6      0x319 build/stm32f3xx_ll_dac.o
 .debug_line    0x000000000000e9ef      0xe26 build/stm32f3xx_ll_tim.o
 .debug_line    0x000000000000f815      0x4f4 build/stm32f3xx_ll_usart.o
 .debug_line    0x000000000000fd09       0x4f build/edcmain.o
 .debug_line    0x000000000000fd58       0x76 build/startup_stm32f334x8.o
 .debug_line    0x000000000000fdce      0x187 /Applications/ArmGNUToolchain/11.3.rel1/arm-none-eabi/bin/../lib/gcc/arm-none-eabi/11.3.1/../../../../arm-none-eabi/lib/thumb/v7e-m+fp/hard/libc_nano.a(libc_a-memset.o)
 .debug_line    0x000000000000ff55      0x188 /Applications/ArmGNUToolchain/11.3.rel1/arm-none-eabi/bin/../lib/gcc/arm-none-eabi/11.3.1/../../../../arm-none-eabi/lib/thumb/v7e-m+fp/hard/libc_nano.a(libc_a-init.o)

.debug_str      0x0000000000000000     0x4c35
 .debug_str     0x0000000000000000     0x199b build/main.o
                                       0x1bac (size before relaxing)
 .debug_str     0x000000000000199b      0x13a build/stm32f3xx_it.o
                                        0x806 (size before relaxing)
 .debug_str     0x0000000000001ad5       0x24 build/stm32f3xx_hal_msp.o
                                        0x254 (size before relaxing)
 .debug_str     0x0000000000001af9      0x171 build/stm32f3xx_hal_timebase_tim.o
                                        0xbd6 (size before relaxing)
 .debug_str     0x0000000000001c6a      0x29f build/stm32f3xx_hal.o
                                        0x8b9 (size before relaxing)
 .debug_str     0x0000000000001f09      0x2b0 build/stm32f3xx_hal_rcc.o
                                        0x657 (size before relaxing)
 .debug_str     0x00000000000021b9      0x24f build/stm32f3xx_hal_cortex.o
                                        0x93c (size before relaxing)
 .debug_str     0x0000000000002408      0xec4 build/stm32f3xx_hal_tim.o
                                       0x16d6 (size before relaxing)
 .debug_str     0x00000000000032cc      0x53c build/stm32f3xx_hal_tim_ex.o
                                        0xf2c (size before relaxing)
 .debug_str     0x0000000000003808       0x57 build/system_stm32f3xx.o
                                        0x29e (size before relaxing)
 .debug_str     0x000000000000385f      0x23c build/stm32f3xx_ll_utils.o
                                        0x616 (size before relaxing)
 .debug_str     0x0000000000003a9b      0x25a build/stm32f3xx_ll_exti.o
                                        0x477 (size before relaxing)
 .debug_str     0x0000000000003cf5       0xf3 build/stm32f3xx_ll_gpio.o
                                        0x3a9 (size before relaxing)
 .debug_str     0x0000000000003de8      0x271 build/stm32f3xx_ll_adc.o
                                        0x6e6 (size before relaxing)
 .debug_str     0x0000000000004059      0x359 build/stm32f3xx_ll_rcc.o
                                        0x66f (size before relaxing)
 .debug_str     0x00000000000043b2       0x6e build/stm32f3xx_ll_comp.o
                                        0x288 (size before relaxing)
 .debug_str     0x0000000000004420       0x97 build/stm32f3xx_ll_dac.o
                                        0x354 (size before relaxing)
 .debug_str     0x00000000000044b7      0x38d build/stm32f3xx_ll_tim.o
                                        0x8e6 (size before relaxing)
 .debug_str     0x0000000000004844      0x179 build/stm32f3xx_ll_usart.o
                                        0x524 (size before relaxing)
 .debug_str     0x00000000000049bd       0x12 build/edcmain.o
                                         0xda (size before relaxing)
 .debug_str     0x00000000000049cf       0x22 build/startup_stm32f334x8.o
                                         0x47 (size before relaxing)
 .debug_str     0x00000000000049f1      0x179 /Applications/ArmGNUToolchain/11.3.rel1/arm-none-eabi/bin/../lib/gcc/arm-none-eabi/11.3.1/../../../../arm-none-eabi/lib/thumb/v7e-m+fp/hard/libc_nano.a(libc_a-memset.o)
                                        0x215 (size before relaxing)
 .debug_str     0x0000000000004b6a       0xcb /Applications/ArmGNUToolchain/11.3.rel1/arm-none-eabi/bin/../lib/gcc/arm-none-eabi/11.3.1/../../../../arm-none-eabi/lib/thumb/v7e-m+fp/hard/libc_nano.a(libc_a-init.o)
                                        0x276 (size before relaxing)

.debug_frame    0x0000000000000000     0x1c6c
 .debug_frame   0x0000000000000000       0xa0 build/main.o
 .debug_frame   0x00000000000000a0       0xe0 build/stm32f3xx_it.o
 .debug_frame   0x0000000000000180       0x28 build/stm32f3xx_hal_msp.o
 .debug_frame   0x00000000000001a8       0x54 build/stm32f3xx_hal_timebase_tim.o
 .debug_frame   0x00000000000001fc      0x1d4 build/stm32f3xx_hal.o
 .debug_frame   0x00000000000003d0      0x1a4 build/stm32f3xx_hal_rcc.o
 .debug_frame   0x0000000000000574      0x128 build/stm32f3xx_hal_cortex.o
 .debug_frame   0x000000000000069c      0xb00 build/stm32f3xx_hal_tim.o
 .debug_frame   0x000000000000119c      0x3f4 build/stm32f3xx_hal_tim_ex.o
 .debug_frame   0x0000000000001590       0x30 build/system_stm32f3xx.o
 .debug_frame   0x00000000000015c0       0xd0 build/stm32f3xx_ll_utils.o
 .debug_frame   0x0000000000001690       0x58 build/stm32f3xx_ll_exti.o
 .debug_frame   0x00000000000016e8       0x58 build/stm32f3xx_ll_gpio.o
 .debug_frame   0x0000000000001740      0x10c build/stm32f3xx_ll_adc.o
 .debug_frame   0x000000000000184c      0x110 build/stm32f3xx_ll_rcc.o
 .debug_frame   0x000000000000195c       0x4c build/stm32f3xx_ll_comp.o
 .debug_frame   0x00000000000019a8       0x58 build/stm32f3xx_ll_dac.o
 .debug_frame   0x0000000000001a00      0x180 build/stm32f3xx_ll_tim.o
 .debug_frame   0x0000000000001b80       0x80 build/stm32f3xx_ll_usart.o
 .debug_frame   0x0000000000001c00       0x20 build/edcmain.o
 .debug_frame   0x0000000000001c20       0x20 /Applications/ArmGNUToolchain/11.3.rel1/arm-none-eabi/bin/../lib/gcc/arm-none-eabi/11.3.1/../../../../arm-none-eabi/lib/thumb/v7e-m+fp/hard/libc_nano.a(libc_a-memset.o)
 .debug_frame   0x0000000000001c40       0x2c /Applications/ArmGNUToolchain/11.3.rel1/arm-none-eabi/bin/../lib/gcc/arm-none-eabi/11.3.1/../../../../arm-none-eabi/lib/thumb/v7e-m+fp/hard/libc_nano.a(libc_a-init.o)

.debug_loclists
                0x0000000000000000       0x8b
 .debug_loclists
                0x0000000000000000       0x47 /Applications/ArmGNUToolchain/11.3.rel1/arm-none-eabi/bin/../lib/gcc/arm-none-eabi/11.3.1/../../../../arm-none-eabi/lib/thumb/v7e-m+fp/hard/libc_nano.a(libc_a-memset.o)
 .debug_loclists
                0x0000000000000047       0x44 /Applications/ArmGNUToolchain/11.3.rel1/arm-none-eabi/bin/../lib/gcc/arm-none-eabi/11.3.1/../../../../arm-none-eabi/lib/thumb/v7e-m+fp/hard/libc_nano.a(libc_a-init.o)

.debug_rnglists
                0x0000000000000000       0x26
 .debug_rnglists
                0x0000000000000000       0x13 /Applications/ArmGNUToolchain/11.3.rel1/arm-none-eabi/bin/../lib/gcc/arm-none-eabi/11.3.1/../../../../arm-none-eabi/lib/thumb/v7e-m+fp/hard/libc_nano.a(libc_a-memset.o)
 .debug_rnglists
                0x0000000000000013       0x13 /Applications/ArmGNUToolchain/11.3.rel1/arm-none-eabi/bin/../lib/gcc/arm-none-eabi/11.3.1/../../../../arm-none-eabi/lib/thumb/v7e-m+fp/hard/libc_nano.a(libc_a-init.o)

Cross Reference Table

Symbol                                            File
ADC1_2_IRQHandler                                 build/stm32f3xx_it.o
AHBPrescTable                                     build/system_stm32f3xx.o
                                                  build/stm32f3xx_ll_rcc.o
                                                  build/stm32f3xx_ll_utils.o
                                                  build/stm32f3xx_hal_rcc.o
APBPrescTable                                     build/system_stm32f3xx.o
                                                  build/stm32f3xx_ll_rcc.o
                                                  build/stm32f3xx_hal_rcc.o
BusFault_Handler                                  build/startup_stm32f334x8.o
CAN_RX0_IRQHandler                                build/startup_stm32f334x8.o
CAN_RX1_IRQHandler                                build/startup_stm32f334x8.o
CAN_SCE_IRQHandler                                build/startup_stm32f334x8.o
CAN_TX_IRQHandler                                 build/startup_stm32f334x8.o
COMP2_IRQHandler                                  build/startup_stm32f334x8.o
COMP4_6_IRQHandler                                build/stm32f3xx_it.o
DMA1_Channel1_IRQHandler                          build/stm32f3xx_it.o
DMA1_Channel2_IRQHandler                          build/stm32f3xx_it.o
DMA1_Channel3_IRQHandler                          build/stm32f3xx_it.o
DMA1_Channel4_IRQHandler                          build/stm32f3xx_it.o
DMA1_Channel5_IRQHandler                          build/startup_stm32f334x8.o
DMA1_Channel6_IRQHandler                          build/stm32f3xx_it.o
DMA1_Channel7_IRQHandler                          build/startup_stm32f334x8.o
DebugMon_Handler                                  build/startup_stm32f334x8.o
Default_Handler                                   build/startup_stm32f334x8.o
EXTI0_IRQHandler                                  build/startup_stm32f334x8.o
EXTI15_10_IRQHandler                              build/startup_stm32f334x8.o
EXTI1_IRQHandler                                  build/startup_stm32f334x8.o
EXTI2_TSC_IRQHandler                              build/startup_stm32f334x8.o
EXTI3_IRQHandler                                  build/startup_stm32f334x8.o
EXTI4_IRQHandler                                  build/startup_stm32f334x8.o
EXTI9_5_IRQHandler                                build/startup_stm32f334x8.o
Error_Handler                                     build/main.o
FLASH_IRQHandler                                  build/startup_stm32f334x8.o
FLASH_PageErase                                   build/stm32f3xx_hal_flash_ex.o
                                                  build/stm32f3xx_hal_flash.o
FLASH_WaitForLastOperation                        build/stm32f3xx_hal_flash.o
                                                  build/stm32f3xx_hal_flash_ex.o
FPU_IRQHandler                                    build/startup_stm32f334x8.o
HAL_DBGMCU_DisableDBGSleepMode                    build/stm32f3xx_hal.o
HAL_DBGMCU_DisableDBGStandbyMode                  build/stm32f3xx_hal.o
HAL_DBGMCU_DisableDBGStopMode                     build/stm32f3xx_hal.o
HAL_DBGMCU_EnableDBGSleepMode                     build/stm32f3xx_hal.o
HAL_DBGMCU_EnableDBGStandbyMode                   build/stm32f3xx_hal.o
HAL_DBGMCU_EnableDBGStopMode                      build/stm32f3xx_hal.o
HAL_DMA_Abort                                     build/stm32f3xx_hal_dma.o
HAL_DMA_Abort_IT                                  build/stm32f3xx_hal_dma.o
                                                  build/stm32f3xx_hal_tim_ex.o
                                                  build/stm32f3xx_hal_tim.o
                                                  build/stm32f3xx_hal_i2c.o
HAL_DMA_DeInit                                    build/stm32f3xx_hal_dma.o
HAL_DMA_GetError                                  build/stm32f3xx_hal_dma.o
HAL_DMA_GetState                                  build/stm32f3xx_hal_dma.o
                                                  build/stm32f3xx_hal_i2c.o
HAL_DMA_IRQHandler                                build/stm32f3xx_hal_dma.o
HAL_DMA_Init                                      build/stm32f3xx_hal_dma.o
HAL_DMA_PollForTransfer                           build/stm32f3xx_hal_dma.o
HAL_DMA_RegisterCallback                          build/stm32f3xx_hal_dma.o
HAL_DMA_Start                                     build/stm32f3xx_hal_dma.o
HAL_DMA_Start_IT                                  build/stm32f3xx_hal_dma.o
                                                  build/stm32f3xx_hal_tim_ex.o
                                                  build/stm32f3xx_hal_tim.o
                                                  build/stm32f3xx_hal_i2c.o
HAL_DMA_UnRegisterCallback                        build/stm32f3xx_hal_dma.o
HAL_DeInit                                        build/stm32f3xx_hal.o
HAL_Delay                                         build/stm32f3xx_hal.o
HAL_EXTI_ClearConfigLine                          build/stm32f3xx_hal_exti.o
HAL_EXTI_ClearPending                             build/stm32f3xx_hal_exti.o
HAL_EXTI_GenerateSWI                              build/stm32f3xx_hal_exti.o
HAL_EXTI_GetConfigLine                            build/stm32f3xx_hal_exti.o
HAL_EXTI_GetHandle                                build/stm32f3xx_hal_exti.o
HAL_EXTI_GetPending                               build/stm32f3xx_hal_exti.o
HAL_EXTI_IRQHandler                               build/stm32f3xx_hal_exti.o
HAL_EXTI_RegisterCallback                         build/stm32f3xx_hal_exti.o
HAL_EXTI_SetConfigLine                            build/stm32f3xx_hal_exti.o
HAL_FLASHEx_Erase                                 build/stm32f3xx_hal_flash_ex.o
HAL_FLASHEx_Erase_IT                              build/stm32f3xx_hal_flash_ex.o
HAL_FLASHEx_OBErase                               build/stm32f3xx_hal_flash_ex.o
HAL_FLASHEx_OBGetConfig                           build/stm32f3xx_hal_flash_ex.o
HAL_FLASHEx_OBGetUserData                         build/stm32f3xx_hal_flash_ex.o
HAL_FLASHEx_OBProgram                             build/stm32f3xx_hal_flash_ex.o
HAL_FLASH_EndOfOperationCallback                  build/stm32f3xx_hal_flash.o
HAL_FLASH_GetError                                build/stm32f3xx_hal_flash.o
HAL_FLASH_IRQHandler                              build/stm32f3xx_hal_flash.o
HAL_FLASH_Lock                                    build/stm32f3xx_hal_flash.o
HAL_FLASH_OB_Launch                               build/stm32f3xx_hal_flash.o
HAL_FLASH_OB_Lock                                 build/stm32f3xx_hal_flash.o
HAL_FLASH_OB_Unlock                               build/stm32f3xx_hal_flash.o
HAL_FLASH_OperationErrorCallback                  build/stm32f3xx_hal_flash.o
HAL_FLASH_Program                                 build/stm32f3xx_hal_flash.o
HAL_FLASH_Program_IT                              build/stm32f3xx_hal_flash.o
HAL_FLASH_Unlock                                  build/stm32f3xx_hal_flash.o
HAL_GPIO_DeInit                                   build/stm32f3xx_hal_gpio.o
HAL_GPIO_EXTI_Callback                            build/stm32f3xx_hal_gpio.o
HAL_GPIO_EXTI_IRQHandler                          build/stm32f3xx_hal_gpio.o
HAL_GPIO_Init                                     build/stm32f3xx_hal_gpio.o
                                                  build/stm32f3xx_hal_rcc.o
HAL_GPIO_LockPin                                  build/stm32f3xx_hal_gpio.o
HAL_GPIO_ReadPin                                  build/stm32f3xx_hal_gpio.o
HAL_GPIO_TogglePin                                build/stm32f3xx_hal_gpio.o
HAL_GPIO_WritePin                                 build/stm32f3xx_hal_gpio.o
HAL_GetDEVID                                      build/stm32f3xx_hal.o
HAL_GetHalVersion                                 build/stm32f3xx_hal.o
HAL_GetREVID                                      build/stm32f3xx_hal.o
HAL_GetTick                                       build/stm32f3xx_hal.o
                                                  build/stm32f3xx_hal_i2c.o
                                                  build/stm32f3xx_hal_flash.o
                                                  build/stm32f3xx_hal_dma.o
                                                  build/stm32f3xx_hal_rcc_ex.o
                                                  build/stm32f3xx_hal_rcc.o
HAL_GetTickFreq                                   build/stm32f3xx_hal.o
HAL_GetTickPrio                                   build/stm32f3xx_hal.o
HAL_GetUIDw0                                      build/stm32f3xx_hal.o
HAL_GetUIDw1                                      build/stm32f3xx_hal.o
HAL_GetUIDw2                                      build/stm32f3xx_hal.o
HAL_I2CEx_ConfigAnalogFilter                      build/stm32f3xx_hal_i2c_ex.o
HAL_I2CEx_ConfigDigitalFilter                     build/stm32f3xx_hal_i2c_ex.o
HAL_I2CEx_DisableFastModePlus                     build/stm32f3xx_hal_i2c_ex.o
HAL_I2CEx_DisableWakeUp                           build/stm32f3xx_hal_i2c_ex.o
HAL_I2CEx_EnableFastModePlus                      build/stm32f3xx_hal_i2c_ex.o
HAL_I2CEx_EnableWakeUp                            build/stm32f3xx_hal_i2c_ex.o
HAL_I2C_AbortCpltCallback                         build/stm32f3xx_hal_i2c.o
HAL_I2C_AddrCallback                              build/stm32f3xx_hal_i2c.o
HAL_I2C_DeInit                                    build/stm32f3xx_hal_i2c.o
HAL_I2C_DisableListen_IT                          build/stm32f3xx_hal_i2c.o
HAL_I2C_ER_IRQHandler                             build/stm32f3xx_hal_i2c.o
HAL_I2C_EV_IRQHandler                             build/stm32f3xx_hal_i2c.o
HAL_I2C_EnableListen_IT                           build/stm32f3xx_hal_i2c.o
HAL_I2C_ErrorCallback                             build/stm32f3xx_hal_i2c.o
HAL_I2C_GetError                                  build/stm32f3xx_hal_i2c.o
HAL_I2C_GetMode                                   build/stm32f3xx_hal_i2c.o
HAL_I2C_GetState                                  build/stm32f3xx_hal_i2c.o
HAL_I2C_Init                                      build/stm32f3xx_hal_i2c.o
HAL_I2C_IsDeviceReady                             build/stm32f3xx_hal_i2c.o
HAL_I2C_ListenCpltCallback                        build/stm32f3xx_hal_i2c.o
HAL_I2C_MasterRxCpltCallback                      build/stm32f3xx_hal_i2c.o
HAL_I2C_MasterTxCpltCallback                      build/stm32f3xx_hal_i2c.o
HAL_I2C_Master_Abort_IT                           build/stm32f3xx_hal_i2c.o
HAL_I2C_Master_Receive                            build/stm32f3xx_hal_i2c.o
HAL_I2C_Master_Receive_DMA                        build/stm32f3xx_hal_i2c.o
HAL_I2C_Master_Receive_IT                         build/stm32f3xx_hal_i2c.o
HAL_I2C_Master_Seq_Receive_DMA                    build/stm32f3xx_hal_i2c.o
HAL_I2C_Master_Seq_Receive_IT                     build/stm32f3xx_hal_i2c.o
HAL_I2C_Master_Seq_Transmit_DMA                   build/stm32f3xx_hal_i2c.o
HAL_I2C_Master_Seq_Transmit_IT                    build/stm32f3xx_hal_i2c.o
HAL_I2C_Master_Transmit                           build/stm32f3xx_hal_i2c.o
HAL_I2C_Master_Transmit_DMA                       build/stm32f3xx_hal_i2c.o
HAL_I2C_Master_Transmit_IT                        build/stm32f3xx_hal_i2c.o
HAL_I2C_MemRxCpltCallback                         build/stm32f3xx_hal_i2c.o
HAL_I2C_MemTxCpltCallback                         build/stm32f3xx_hal_i2c.o
HAL_I2C_Mem_Read                                  build/stm32f3xx_hal_i2c.o
HAL_I2C_Mem_Read_DMA                              build/stm32f3xx_hal_i2c.o
HAL_I2C_Mem_Read_IT                               build/stm32f3xx_hal_i2c.o
HAL_I2C_Mem_Write                                 build/stm32f3xx_hal_i2c.o
HAL_I2C_Mem_Write_DMA                             build/stm32f3xx_hal_i2c.o
HAL_I2C_Mem_Write_IT                              build/stm32f3xx_hal_i2c.o
HAL_I2C_MspDeInit                                 build/stm32f3xx_hal_i2c.o
HAL_I2C_MspInit                                   build/stm32f3xx_hal_i2c.o
HAL_I2C_SlaveRxCpltCallback                       build/stm32f3xx_hal_i2c.o
HAL_I2C_SlaveTxCpltCallback                       build/stm32f3xx_hal_i2c.o
HAL_I2C_Slave_Receive                             build/stm32f3xx_hal_i2c.o
HAL_I2C_Slave_Receive_DMA                         build/stm32f3xx_hal_i2c.o
HAL_I2C_Slave_Receive_IT                          build/stm32f3xx_hal_i2c.o
HAL_I2C_Slave_Seq_Receive_DMA                     build/stm32f3xx_hal_i2c.o
HAL_I2C_Slave_Seq_Receive_IT                      build/stm32f3xx_hal_i2c.o
HAL_I2C_Slave_Seq_Transmit_DMA                    build/stm32f3xx_hal_i2c.o
HAL_I2C_Slave_Seq_Transmit_IT                     build/stm32f3xx_hal_i2c.o
HAL_I2C_Slave_Transmit                            build/stm32f3xx_hal_i2c.o
HAL_I2C_Slave_Transmit_DMA                        build/stm32f3xx_hal_i2c.o
HAL_I2C_Slave_Transmit_IT                         build/stm32f3xx_hal_i2c.o
HAL_IncTick                                       build/stm32f3xx_hal.o
                                                  build/main.o
HAL_Init                                          build/stm32f3xx_hal.o
                                                  build/main.o
HAL_InitTick                                      build/stm32f3xx_hal_timebase_tim.o
                                                  build/stm32f3xx_hal_rcc.o
                                                  build/main.o
HAL_MspDeInit                                     build/stm32f3xx_hal.o
HAL_MspInit                                       build/stm32f3xx_hal_msp.o
HAL_NVIC_ClearPendingIRQ                          build/stm32f3xx_hal_cortex.o
HAL_NVIC_DisableIRQ                               build/stm32f3xx_hal_cortex.o
HAL_NVIC_EnableIRQ                                build/stm32f3xx_hal_cortex.o
                                                  build/stm32f3xx_hal_timebase_tim.o
HAL_NVIC_GetActive                                build/stm32f3xx_hal_cortex.o
HAL_NVIC_GetPendingIRQ                            build/stm32f3xx_hal_cortex.o
HAL_NVIC_GetPriority                              build/stm32f3xx_hal_cortex.o
HAL_NVIC_GetPriorityGrouping                      build/stm32f3xx_hal_cortex.o
HAL_NVIC_SetPendingIRQ                            build/stm32f3xx_hal_cortex.o
HAL_NVIC_SetPriority                              build/stm32f3xx_hal_cortex.o
                                                  build/stm32f3xx_hal.o
                                                  build/stm32f3xx_hal_timebase_tim.o
HAL_NVIC_SetPriorityGrouping                      build/stm32f3xx_hal_cortex.o
                                                  build/stm32f3xx_hal.o
HAL_NVIC_SystemReset                              build/stm32f3xx_hal_cortex.o
HAL_PWR_ConfigPVD                                 build/stm32f3xx_hal_pwr_ex.o
HAL_PWR_DeInit                                    build/stm32f3xx_hal_pwr.o
HAL_PWR_DisableBkUpAccess                         build/stm32f3xx_hal_pwr.o
HAL_PWR_DisablePVD                                build/stm32f3xx_hal_pwr_ex.o
HAL_PWR_DisableSEVOnPend                          build/stm32f3xx_hal_pwr.o
HAL_PWR_DisableSleepOnExit                        build/stm32f3xx_hal_pwr.o
HAL_PWR_DisableWakeUpPin                          build/stm32f3xx_hal_pwr.o
HAL_PWR_EnableBkUpAccess                          build/stm32f3xx_hal_pwr.o
HAL_PWR_EnablePVD                                 build/stm32f3xx_hal_pwr_ex.o
HAL_PWR_EnableSEVOnPend                           build/stm32f3xx_hal_pwr.o
HAL_PWR_EnableSleepOnExit                         build/stm32f3xx_hal_pwr.o
HAL_PWR_EnableWakeUpPin                           build/stm32f3xx_hal_pwr.o
HAL_PWR_EnterSLEEPMode                            build/stm32f3xx_hal_pwr.o
HAL_PWR_EnterSTANDBYMode                          build/stm32f3xx_hal_pwr.o
HAL_PWR_EnterSTOPMode                             build/stm32f3xx_hal_pwr.o
HAL_PWR_PVDCallback                               build/stm32f3xx_hal_pwr_ex.o
HAL_PWR_PVD_IRQHandler                            build/stm32f3xx_hal_pwr_ex.o
HAL_RCCEx_GetPeriphCLKConfig                      build/stm32f3xx_hal_rcc_ex.o
HAL_RCCEx_GetPeriphCLKFreq                        build/stm32f3xx_hal_rcc_ex.o
HAL_RCCEx_PeriphCLKConfig                         build/stm32f3xx_hal_rcc_ex.o
HAL_RCC_CSSCallback                               build/stm32f3xx_hal_rcc.o
HAL_RCC_ClockConfig                               build/stm32f3xx_hal_rcc.o
HAL_RCC_DeInit                                    build/stm32f3xx_hal_rcc.o
HAL_RCC_DisableCSS                                build/stm32f3xx_hal_rcc.o
HAL_RCC_EnableCSS                                 build/stm32f3xx_hal_rcc.o
HAL_RCC_GetClockConfig                            build/stm32f3xx_hal_rcc.o
                                                  build/stm32f3xx_hal_timebase_tim.o
HAL_RCC_GetHCLKFreq                               build/stm32f3xx_hal_rcc.o
HAL_RCC_GetOscConfig                              build/stm32f3xx_hal_rcc.o
HAL_RCC_GetPCLK1Freq                              build/stm32f3xx_hal_rcc.o
                                                  build/stm32f3xx_hal_rcc_ex.o
                                                  build/stm32f3xx_hal_timebase_tim.o
HAL_RCC_GetPCLK2Freq                              build/stm32f3xx_hal_rcc.o
HAL_RCC_GetSysClockFreq                           build/stm32f3xx_hal_rcc.o
                                                  build/stm32f3xx_hal_rcc_ex.o
HAL_RCC_MCOConfig                                 build/stm32f3xx_hal_rcc.o
HAL_RCC_NMI_IRQHandler                            build/stm32f3xx_hal_rcc.o
HAL_RCC_OscConfig                                 build/stm32f3xx_hal_rcc.o
HAL_ResumeTick                                    build/stm32f3xx_hal_timebase_tim.o
HAL_SYSTICK_CLKSourceConfig                       build/stm32f3xx_hal_cortex.o
HAL_SYSTICK_Callback                              build/stm32f3xx_hal_cortex.o
HAL_SYSTICK_Config                                build/stm32f3xx_hal_cortex.o
                                                  build/stm32f3xx_hal.o
HAL_SYSTICK_IRQHandler                            build/stm32f3xx_hal_cortex.o
HAL_SetTickFreq                                   build/stm32f3xx_hal.o
HAL_SuspendTick                                   build/stm32f3xx_hal_timebase_tim.o
HAL_TIMEx_Break2Callback                          build/stm32f3xx_hal_tim_ex.o
                                                  build/stm32f3xx_hal_tim.o
HAL_TIMEx_BreakCallback                           build/stm32f3xx_hal_tim_ex.o
                                                  build/stm32f3xx_hal_tim.o
HAL_TIMEx_CommutCallback                          build/stm32f3xx_hal_tim_ex.o
                                                  build/stm32f3xx_hal_tim.o
HAL_TIMEx_CommutHalfCpltCallback                  build/stm32f3xx_hal_tim_ex.o
HAL_TIMEx_ConfigBreakDeadTime                     build/stm32f3xx_hal_tim_ex.o
HAL_TIMEx_ConfigCommutEvent                       build/stm32f3xx_hal_tim_ex.o
HAL_TIMEx_ConfigCommutEvent_DMA                   build/stm32f3xx_hal_tim_ex.o
HAL_TIMEx_ConfigCommutEvent_IT                    build/stm32f3xx_hal_tim_ex.o
HAL_TIMEx_GetChannelNState                        build/stm32f3xx_hal_tim_ex.o
HAL_TIMEx_GroupChannel5                           build/stm32f3xx_hal_tim_ex.o
HAL_TIMEx_HallSensor_DeInit                       build/stm32f3xx_hal_tim_ex.o
HAL_TIMEx_HallSensor_GetState                     build/stm32f3xx_hal_tim_ex.o
HAL_TIMEx_HallSensor_Init                         build/stm32f3xx_hal_tim_ex.o
HAL_TIMEx_HallSensor_MspDeInit                    build/stm32f3xx_hal_tim_ex.o
HAL_TIMEx_HallSensor_MspInit                      build/stm32f3xx_hal_tim_ex.o
HAL_TIMEx_HallSensor_Start                        build/stm32f3xx_hal_tim_ex.o
HAL_TIMEx_HallSensor_Start_DMA                    build/stm32f3xx_hal_tim_ex.o
HAL_TIMEx_HallSensor_Start_IT                     build/stm32f3xx_hal_tim_ex.o
HAL_TIMEx_HallSensor_Stop                         build/stm32f3xx_hal_tim_ex.o
HAL_TIMEx_HallSensor_Stop_DMA                     build/stm32f3xx_hal_tim_ex.o
HAL_TIMEx_HallSensor_Stop_IT                      build/stm32f3xx_hal_tim_ex.o
HAL_TIMEx_MasterConfigSynchronization             build/stm32f3xx_hal_tim_ex.o
HAL_TIMEx_OCN_Start                               build/stm32f3xx_hal_tim_ex.o
HAL_TIMEx_OCN_Start_DMA                           build/stm32f3xx_hal_tim_ex.o
HAL_TIMEx_OCN_Start_IT                            build/stm32f3xx_hal_tim_ex.o
HAL_TIMEx_OCN_Stop                                build/stm32f3xx_hal_tim_ex.o
HAL_TIMEx_OCN_Stop_DMA                            build/stm32f3xx_hal_tim_ex.o
HAL_TIMEx_OCN_Stop_IT                             build/stm32f3xx_hal_tim_ex.o
HAL_TIMEx_OnePulseN_Start                         build/stm32f3xx_hal_tim_ex.o
HAL_TIMEx_OnePulseN_Start_IT                      build/stm32f3xx_hal_tim_ex.o
HAL_TIMEx_OnePulseN_Stop                          build/stm32f3xx_hal_tim_ex.o
HAL_TIMEx_OnePulseN_Stop_IT                       build/stm32f3xx_hal_tim_ex.o
HAL_TIMEx_PWMN_Start                              build/stm32f3xx_hal_tim_ex.o
HAL_TIMEx_PWMN_Start_DMA                          build/stm32f3xx_hal_tim_ex.o
HAL_TIMEx_PWMN_Start_IT                           build/stm32f3xx_hal_tim_ex.o
HAL_TIMEx_PWMN_Stop                               build/stm32f3xx_hal_tim_ex.o
HAL_TIMEx_PWMN_Stop_DMA                           build/stm32f3xx_hal_tim_ex.o
HAL_TIMEx_PWMN_Stop_IT                            build/stm32f3xx_hal_tim_ex.o
HAL_TIMEx_RemapConfig                             build/stm32f3xx_hal_tim_ex.o
HAL_TIM_Base_DeInit                               build/stm32f3xx_hal_tim.o
HAL_TIM_Base_GetState                             build/stm32f3xx_hal_tim.o
HAL_TIM_Base_Init                                 build/stm32f3xx_hal_tim.o
                                                  build/stm32f3xx_hal_timebase_tim.o
HAL_TIM_Base_MspDeInit                            build/stm32f3xx_hal_tim.o
HAL_TIM_Base_MspInit                              build/stm32f3xx_hal_tim.o
HAL_TIM_Base_Start                                build/stm32f3xx_hal_tim.o
HAL_TIM_Base_Start_DMA                            build/stm32f3xx_hal_tim.o
HAL_TIM_Base_Start_IT                             build/stm32f3xx_hal_tim.o
                                                  build/stm32f3xx_hal_timebase_tim.o
HAL_TIM_Base_Stop                                 build/stm32f3xx_hal_tim.o
HAL_TIM_Base_Stop_DMA                             build/stm32f3xx_hal_tim.o
HAL_TIM_Base_Stop_IT                              build/stm32f3xx_hal_tim.o
HAL_TIM_ConfigClockSource                         build/stm32f3xx_hal_tim.o
HAL_TIM_ConfigOCrefClear                          build/stm32f3xx_hal_tim.o
HAL_TIM_ConfigTI1Input                            build/stm32f3xx_hal_tim.o
HAL_TIM_DMABurstState                             build/stm32f3xx_hal_tim.o
HAL_TIM_DMABurst_MultiReadStart                   build/stm32f3xx_hal_tim.o
HAL_TIM_DMABurst_MultiWriteStart                  build/stm32f3xx_hal_tim.o
HAL_TIM_DMABurst_ReadStart                        build/stm32f3xx_hal_tim.o
HAL_TIM_DMABurst_ReadStop                         build/stm32f3xx_hal_tim.o
HAL_TIM_DMABurst_WriteStart                       build/stm32f3xx_hal_tim.o
HAL_TIM_DMABurst_WriteStop                        build/stm32f3xx_hal_tim.o
HAL_TIM_Encoder_DeInit                            build/stm32f3xx_hal_tim.o
HAL_TIM_Encoder_GetState                          build/stm32f3xx_hal_tim.o
HAL_TIM_Encoder_Init                              build/stm32f3xx_hal_tim.o
HAL_TIM_Encoder_MspDeInit                         build/stm32f3xx_hal_tim.o
HAL_TIM_Encoder_MspInit                           build/stm32f3xx_hal_tim.o
HAL_TIM_Encoder_Start                             build/stm32f3xx_hal_tim.o
HAL_TIM_Encoder_Start_DMA                         build/stm32f3xx_hal_tim.o
HAL_TIM_Encoder_Start_IT                          build/stm32f3xx_hal_tim.o
HAL_TIM_Encoder_Stop                              build/stm32f3xx_hal_tim.o
HAL_TIM_Encoder_Stop_DMA                          build/stm32f3xx_hal_tim.o
HAL_TIM_Encoder_Stop_IT                           build/stm32f3xx_hal_tim.o
HAL_TIM_ErrorCallback                             build/stm32f3xx_hal_tim.o
                                                  build/stm32f3xx_hal_tim_ex.o
HAL_TIM_GenerateEvent                             build/stm32f3xx_hal_tim.o
HAL_TIM_GetActiveChannel                          build/stm32f3xx_hal_tim.o
HAL_TIM_GetChannelState                           build/stm32f3xx_hal_tim.o
HAL_TIM_IC_CaptureCallback                        build/stm32f3xx_hal_tim.o
HAL_TIM_IC_CaptureHalfCpltCallback                build/stm32f3xx_hal_tim.o
HAL_TIM_IC_ConfigChannel                          build/stm32f3xx_hal_tim.o
HAL_TIM_IC_DeInit                                 build/stm32f3xx_hal_tim.o
HAL_TIM_IC_GetState                               build/stm32f3xx_hal_tim.o
HAL_TIM_IC_Init                                   build/stm32f3xx_hal_tim.o
HAL_TIM_IC_MspDeInit                              build/stm32f3xx_hal_tim.o
HAL_TIM_IC_MspInit                                build/stm32f3xx_hal_tim.o
HAL_TIM_IC_Start                                  build/stm32f3xx_hal_tim.o
HAL_TIM_IC_Start_DMA                              build/stm32f3xx_hal_tim.o
HAL_TIM_IC_Start_IT                               build/stm32f3xx_hal_tim.o
HAL_TIM_IC_Stop                                   build/stm32f3xx_hal_tim.o
HAL_TIM_IC_Stop_DMA                               build/stm32f3xx_hal_tim.o
HAL_TIM_IC_Stop_IT                                build/stm32f3xx_hal_tim.o
HAL_TIM_IRQHandler                                build/stm32f3xx_hal_tim.o
                                                  build/stm32f3xx_it.o
HAL_TIM_OC_ConfigChannel                          build/stm32f3xx_hal_tim.o
HAL_TIM_OC_DeInit                                 build/stm32f3xx_hal_tim.o
HAL_TIM_OC_DelayElapsedCallback                   build/stm32f3xx_hal_tim.o
HAL_TIM_OC_GetState                               build/stm32f3xx_hal_tim.o
HAL_TIM_OC_Init                                   build/stm32f3xx_hal_tim.o
HAL_TIM_OC_MspDeInit                              build/stm32f3xx_hal_tim.o
HAL_TIM_OC_MspInit                                build/stm32f3xx_hal_tim.o
HAL_TIM_OC_Start                                  build/stm32f3xx_hal_tim.o
HAL_TIM_OC_Start_DMA                              build/stm32f3xx_hal_tim.o
HAL_TIM_OC_Start_IT                               build/stm32f3xx_hal_tim.o
HAL_TIM_OC_Stop                                   build/stm32f3xx_hal_tim.o
HAL_TIM_OC_Stop_DMA                               build/stm32f3xx_hal_tim.o
HAL_TIM_OC_Stop_IT                                build/stm32f3xx_hal_tim.o
HAL_TIM_OnePulse_ConfigChannel                    build/stm32f3xx_hal_tim.o
HAL_TIM_OnePulse_DeInit                           build/stm32f3xx_hal_tim.o
HAL_TIM_OnePulse_GetState                         build/stm32f3xx_hal_tim.o
HAL_TIM_OnePulse_Init                             build/stm32f3xx_hal_tim.o
HAL_TIM_OnePulse_MspDeInit                        build/stm32f3xx_hal_tim.o
HAL_TIM_OnePulse_MspInit                          build/stm32f3xx_hal_tim.o
HAL_TIM_OnePulse_Start                            build/stm32f3xx_hal_tim.o
HAL_TIM_OnePulse_Start_IT                         build/stm32f3xx_hal_tim.o
HAL_TIM_OnePulse_Stop                             build/stm32f3xx_hal_tim.o
HAL_TIM_OnePulse_Stop_IT                          build/stm32f3xx_hal_tim.o
HAL_TIM_PWM_ConfigChannel                         build/stm32f3xx_hal_tim.o
HAL_TIM_PWM_DeInit                                build/stm32f3xx_hal_tim.o
HAL_TIM_PWM_GetState                              build/stm32f3xx_hal_tim.o
HAL_TIM_PWM_Init                                  build/stm32f3xx_hal_tim.o
HAL_TIM_PWM_MspDeInit                             build/stm32f3xx_hal_tim.o
HAL_TIM_PWM_MspInit                               build/stm32f3xx_hal_tim.o
HAL_TIM_PWM_PulseFinishedCallback                 build/stm32f3xx_hal_tim.o
                                                  build/stm32f3xx_hal_tim_ex.o
HAL_TIM_PWM_PulseFinishedHalfCpltCallback         build/stm32f3xx_hal_tim.o
HAL_TIM_PWM_Start                                 build/stm32f3xx_hal_tim.o
HAL_TIM_PWM_Start_DMA                             build/stm32f3xx_hal_tim.o
HAL_TIM_PWM_Start_IT                              build/stm32f3xx_hal_tim.o
HAL_TIM_PWM_Stop                                  build/stm32f3xx_hal_tim.o
HAL_TIM_PWM_Stop_DMA                              build/stm32f3xx_hal_tim.o
HAL_TIM_PWM_Stop_IT                               build/stm32f3xx_hal_tim.o
HAL_TIM_PeriodElapsedCallback                     build/main.o
HAL_TIM_PeriodElapsedHalfCpltCallback             build/stm32f3xx_hal_tim.o
HAL_TIM_ReadCapturedValue                         build/stm32f3xx_hal_tim.o
HAL_TIM_SlaveConfigSynchro                        build/stm32f3xx_hal_tim.o
HAL_TIM_SlaveConfigSynchro_IT                     build/stm32f3xx_hal_tim.o
HAL_TIM_TriggerCallback                           build/stm32f3xx_hal_tim.o
HAL_TIM_TriggerHalfCpltCallback                   build/stm32f3xx_hal_tim.o
HRTIM1_FLT_IRQHandler                             build/startup_stm32f334x8.o
HRTIM1_Master_IRQHandler                          build/startup_stm32f334x8.o
HRTIM1_TIMA_IRQHandler                            build/startup_stm32f334x8.o
HRTIM1_TIMB_IRQHandler                            build/startup_stm32f334x8.o
HRTIM1_TIMC_IRQHandler                            build/startup_stm32f334x8.o
HRTIM1_TIMD_IRQHandler                            build/startup_stm32f334x8.o
HRTIM1_TIME_IRQHandler                            build/startup_stm32f334x8.o
HardFault_Handler                                 build/startup_stm32f334x8.o
I2C1_ER_IRQHandler                                build/startup_stm32f334x8.o
I2C1_EV_IRQHandler                                build/startup_stm32f334x8.o
LL_ADC_CommonDeInit                               build/stm32f3xx_ll_adc.o
LL_ADC_CommonInit                                 build/stm32f3xx_ll_adc.o
                                                  build/main.o
LL_ADC_CommonStructInit                           build/stm32f3xx_ll_adc.o
LL_ADC_DeInit                                     build/stm32f3xx_ll_adc.o
LL_ADC_INJ_Init                                   build/stm32f3xx_ll_adc.o
LL_ADC_INJ_StructInit                             build/stm32f3xx_ll_adc.o
LL_ADC_Init                                       build/stm32f3xx_ll_adc.o
                                                  build/main.o
LL_ADC_REG_Init                                   build/stm32f3xx_ll_adc.o
                                                  build/main.o
LL_ADC_REG_StructInit                             build/stm32f3xx_ll_adc.o
LL_ADC_StructInit                                 build/stm32f3xx_ll_adc.o
LL_COMP_DeInit                                    build/stm32f3xx_ll_comp.o
LL_COMP_Init                                      build/stm32f3xx_ll_comp.o
                                                  build/main.o
LL_COMP_StructInit                                build/stm32f3xx_ll_comp.o
LL_DAC_DeInit                                     build/stm32f3xx_ll_dac.o
LL_DAC_Init                                       build/stm32f3xx_ll_dac.o
                                                  build/main.o
LL_DAC_StructInit                                 build/stm32f3xx_ll_dac.o
LL_DMA_DeInit                                     build/stm32f3xx_ll_dma.o
LL_DMA_Init                                       build/stm32f3xx_ll_dma.o
LL_DMA_StructInit                                 build/stm32f3xx_ll_dma.o
LL_EXTI_DeInit                                    build/stm32f3xx_ll_exti.o
LL_EXTI_Init                                      build/stm32f3xx_ll_exti.o
                                                  build/main.o
LL_EXTI_StructInit                                build/stm32f3xx_ll_exti.o
LL_GPIO_DeInit                                    build/stm32f3xx_ll_gpio.o
LL_GPIO_Init                                      build/stm32f3xx_ll_gpio.o
                                                  build/main.o
LL_GPIO_StructInit                                build/stm32f3xx_ll_gpio.o
LL_Init1msTick                                    build/stm32f3xx_ll_utils.o
LL_PLL_ConfigSystemClock_HSE                      build/stm32f3xx_ll_utils.o
LL_PLL_ConfigSystemClock_HSI                      build/stm32f3xx_ll_utils.o
LL_RCC_DeInit                                     build/stm32f3xx_ll_rcc.o
LL_RCC_GetADCClockFreq                            build/stm32f3xx_ll_rcc.o
LL_RCC_GetHRTIMClockFreq                          build/stm32f3xx_ll_rcc.o
LL_RCC_GetI2CClockFreq                            build/stm32f3xx_ll_rcc.o
LL_RCC_GetSystemClocksFreq                        build/stm32f3xx_ll_rcc.o
                                                  build/stm32f3xx_ll_usart.o
LL_RCC_GetTIMClockFreq                            build/stm32f3xx_ll_rcc.o
LL_RCC_GetUSARTClockFreq                          build/stm32f3xx_ll_rcc.o
                                                  build/stm32f3xx_ll_usart.o
LL_SetFlashLatency                                build/stm32f3xx_ll_utils.o
LL_SetSystemCoreClock                             build/stm32f3xx_ll_utils.o
                                                  build/main.o
LL_TIM_BDTR_Init                                  build/stm32f3xx_ll_tim.o
                                                  build/main.o
LL_TIM_BDTR_StructInit                            build/stm32f3xx_ll_tim.o
LL_TIM_DeInit                                     build/stm32f3xx_ll_tim.o
LL_TIM_ENCODER_Init                               build/stm32f3xx_ll_tim.o
LL_TIM_ENCODER_StructInit                         build/stm32f3xx_ll_tim.o
LL_TIM_HALLSENSOR_Init                            build/stm32f3xx_ll_tim.o
LL_TIM_HALLSENSOR_StructInit                      build/stm32f3xx_ll_tim.o
LL_TIM_IC_Init                                    build/stm32f3xx_ll_tim.o
LL_TIM_IC_StructInit                              build/stm32f3xx_ll_tim.o
LL_TIM_Init                                       build/stm32f3xx_ll_tim.o
                                                  build/main.o
LL_TIM_OC_Init                                    build/stm32f3xx_ll_tim.o
                                                  build/main.o
LL_TIM_OC_StructInit                              build/stm32f3xx_ll_tim.o
LL_TIM_StructInit                                 build/stm32f3xx_ll_tim.o
LL_USART_ClockInit                                build/stm32f3xx_ll_usart.o
LL_USART_ClockStructInit                          build/stm32f3xx_ll_usart.o
LL_USART_DeInit                                   build/stm32f3xx_ll_usart.o
LL_USART_Init                                     build/stm32f3xx_ll_usart.o
                                                  build/main.o
LL_USART_StructInit                               build/stm32f3xx_ll_usart.o
LL_mDelay                                         build/stm32f3xx_ll_utils.o
MemManage_Handler                                 build/startup_stm32f334x8.o
NMI_Handler                                       build/startup_stm32f334x8.o
PVD_IRQHandler                                    build/startup_stm32f334x8.o
PendSV_Handler                                    build/stm32f3xx_it.o
RCC_GetHCLKClockFreq                              build/stm32f3xx_ll_rcc.o
RCC_GetPCLK1ClockFreq                             build/stm32f3xx_ll_rcc.o
RCC_GetPCLK2ClockFreq                             build/stm32f3xx_ll_rcc.o
RCC_GetSystemClockFreq                            build/stm32f3xx_ll_rcc.o
RCC_IRQHandler                                    build/startup_stm32f334x8.o
RCC_PLL_GetFreqDomain_SYS                         build/stm32f3xx_ll_rcc.o
RTC_Alarm_IRQHandler                              build/startup_stm32f334x8.o
RTC_WKUP_IRQHandler                               build/startup_stm32f334x8.o
Reset_Handler                                     build/startup_stm32f334x8.o
SPI1_IRQHandler                                   build/startup_stm32f334x8.o
SVC_Handler                                       build/stm32f3xx_it.o
SysTick_Handler                                   build/stm32f3xx_it.o
SystemClock_Config                                build/main.o
SystemCoreClock                                   build/system_stm32f3xx.o
                                                  build/stm32f3xx_ll_utils.o
                                                  build/stm32f3xx_hal_rcc_ex.o
                                                  build/stm32f3xx_hal_rcc.o
                                                  build/stm32f3xx_hal.o
SystemCoreClockUpdate                             build/system_stm32f3xx.o
SystemInit                                        build/system_stm32f3xx.o
                                                  build/startup_stm32f334x8.o
TAMP_STAMP_IRQHandler                             build/startup_stm32f334x8.o
TIM1_BRK_TIM15_IRQHandler                         build/stm32f3xx_it.o
TIM1_CC_IRQHandler                                build/startup_stm32f334x8.o
TIM1_TRG_COM_TIM17_IRQHandler                     build/startup_stm32f334x8.o
TIM1_UP_TIM16_IRQHandler                          build/startup_stm32f334x8.o
TIM2_IRQHandler                                   build/startup_stm32f334x8.o
TIM3_IRQHandler                                   build/startup_stm32f334x8.o
TIM6_DAC1_IRQHandler                              build/startup_stm32f334x8.o
TIM7_DAC2_IRQHandler                              build/stm32f3xx_it.o
TIMEx_DMACommutationCplt                          build/stm32f3xx_hal_tim_ex.o
                                                  build/stm32f3xx_hal_tim.o
TIMEx_DMACommutationHalfCplt                      build/stm32f3xx_hal_tim_ex.o
                                                  build/stm32f3xx_hal_tim.o
TIM_Base_SetConfig                                build/stm32f3xx_hal_tim.o
                                                  build/stm32f3xx_hal_tim_ex.o
TIM_CCxChannelCmd                                 build/stm32f3xx_hal_tim.o
                                                  build/stm32f3xx_hal_tim_ex.o
TIM_DMACaptureCplt                                build/stm32f3xx_hal_tim.o
                                                  build/stm32f3xx_hal_tim_ex.o
TIM_DMACaptureHalfCplt                            build/stm32f3xx_hal_tim.o
                                                  build/stm32f3xx_hal_tim_ex.o
TIM_DMADelayPulseHalfCplt                         build/stm32f3xx_hal_tim.o
                                                  build/stm32f3xx_hal_tim_ex.o
TIM_DMAError                                      build/stm32f3xx_hal_tim.o
                                                  build/stm32f3xx_hal_tim_ex.o
TIM_ETR_SetConfig                                 build/stm32f3xx_hal_tim.o
TIM_OC2_SetConfig                                 build/stm32f3xx_hal_tim.o
                                                  build/stm32f3xx_hal_tim_ex.o
TIM_TI1_SetConfig                                 build/stm32f3xx_hal_tim.o
                                                  build/stm32f3xx_hal_tim_ex.o
USART1_IRQHandler                                 build/startup_stm32f334x8.o
USART2_IRQHandler                                 build/stm32f3xx_it.o
USART3_IRQHandler                                 build/startup_stm32f334x8.o
UsageFault_Handler                                build/startup_stm32f334x8.o
WWDG_IRQHandler                                   build/startup_stm32f334x8.o
_ITM_deregisterTMCloneTable                       /Applications/ArmGNUToolchain/11.3.rel1/arm-none-eabi/bin/../lib/gcc/arm-none-eabi/11.3.1/thumb/v7e-m+fp/hard/crtbegin.o
_ITM_registerTMCloneTable                         /Applications/ArmGNUToolchain/11.3.rel1/arm-none-eabi/bin/../lib/gcc/arm-none-eabi/11.3.1/thumb/v7e-m+fp/hard/crtbegin.o
__TMC_END__                                       /Applications/ArmGNUToolchain/11.3.rel1/arm-none-eabi/bin/../lib/gcc/arm-none-eabi/11.3.1/thumb/v7e-m+fp/hard/crtend.o
                                                  /Applications/ArmGNUToolchain/11.3.rel1/arm-none-eabi/bin/../lib/gcc/arm-none-eabi/11.3.1/thumb/v7e-m+fp/hard/crtbegin.o
__bss_end__                                       /Applications/ArmGNUToolchain/11.3.rel1/arm-none-eabi/bin/../lib/gcc/arm-none-eabi/11.3.1/../../../../arm-none-eabi/lib/thumb/v7e-m+fp/hard/crt0.o
__bss_start__                                     /Applications/ArmGNUToolchain/11.3.rel1/arm-none-eabi/bin/../lib/gcc/arm-none-eabi/11.3.1/../../../../arm-none-eabi/lib/thumb/v7e-m+fp/hard/crt0.o
__call_exitprocs                                  /Applications/ArmGNUToolchain/11.3.rel1/arm-none-eabi/bin/../lib/gcc/arm-none-eabi/11.3.1/../../../../arm-none-eabi/lib/thumb/v7e-m+fp/hard/libc_nano.a(libc_a-exit.o)
__deregister_frame_info                           /Applications/ArmGNUToolchain/11.3.rel1/arm-none-eabi/bin/../lib/gcc/arm-none-eabi/11.3.1/thumb/v7e-m+fp/hard/crtbegin.o
__dso_handle                                      /Applications/ArmGNUToolchain/11.3.rel1/arm-none-eabi/bin/../lib/gcc/arm-none-eabi/11.3.1/thumb/v7e-m+fp/hard/crtbegin.o
__fp_lock_all                                     /Applications/ArmGNUToolchain/11.3.rel1/arm-none-eabi/bin/../lib/gcc/arm-none-eabi/11.3.1/../../../../arm-none-eabi/lib/thumb/v7e-m+fp/hard/libc_nano.a(libc_a-findfp.o)
__fp_unlock_all                                   /Applications/ArmGNUToolchain/11.3.rel1/arm-none-eabi/bin/../lib/gcc/arm-none-eabi/11.3.1/../../../../arm-none-eabi/lib/thumb/v7e-m+fp/hard/libc_nano.a(libc_a-findfp.o)
__init_array_end                                  /Applications/ArmGNUToolchain/11.3.rel1/arm-none-eabi/bin/../lib/gcc/arm-none-eabi/11.3.1/../../../../arm-none-eabi/lib/thumb/v7e-m+fp/hard/libc_nano.a(libc_a-init.o)
__init_array_start                                /Applications/ArmGNUToolchain/11.3.rel1/arm-none-eabi/bin/../lib/gcc/arm-none-eabi/11.3.1/../../../../arm-none-eabi/lib/thumb/v7e-m+fp/hard/libc_nano.a(libc_a-init.o)
__libc_fini_array                                 /Applications/ArmGNUToolchain/11.3.rel1/arm-none-eabi/bin/../lib/gcc/arm-none-eabi/11.3.1/../../../../arm-none-eabi/lib/thumb/v7e-m+fp/hard/crt0.o
__libc_init_array                                 /Applications/ArmGNUToolchain/11.3.rel1/arm-none-eabi/bin/../lib/gcc/arm-none-eabi/11.3.1/../../../../arm-none-eabi/lib/thumb/v7e-m+fp/hard/libc_nano.a(libc_a-init.o)
                                                  build/startup_stm32f334x8.o
                                                  /Applications/ArmGNUToolchain/11.3.rel1/arm-none-eabi/bin/../lib/gcc/arm-none-eabi/11.3.1/../../../../arm-none-eabi/lib/thumb/v7e-m+fp/hard/crt0.o
__lock___arc4random_mutex                         /Applications/ArmGNUToolchain/11.3.rel1/arm-none-eabi/bin/../lib/gcc/arm-none-eabi/11.3.1/../../../../arm-none-eabi/lib/thumb/v7e-m+fp/hard/libc_nano.a(libc_a-lock.o)
__lock___at_quick_exit_mutex                      /Applications/ArmGNUToolchain/11.3.rel1/arm-none-eabi/bin/../lib/gcc/arm-none-eabi/11.3.1/../../../../arm-none-eabi/lib/thumb/v7e-m+fp/hard/libc_nano.a(libc_a-lock.o)
__lock___atexit_recursive_mutex                   /Applications/ArmGNUToolchain/11.3.rel1/arm-none-eabi/bin/../lib/gcc/arm-none-eabi/11.3.1/../../../../arm-none-eabi/lib/thumb/v7e-m+fp/hard/libc_nano.a(libc_a-lock.o)
__lock___dd_hash_mutex                            /Applications/ArmGNUToolchain/11.3.rel1/arm-none-eabi/bin/../lib/gcc/arm-none-eabi/11.3.1/../../../../arm-none-eabi/lib/thumb/v7e-m+fp/hard/libc_nano.a(libc_a-lock.o)
__lock___env_recursive_mutex                      /Applications/ArmGNUToolchain/11.3.rel1/arm-none-eabi/bin/../lib/gcc/arm-none-eabi/11.3.1/../../../../arm-none-eabi/lib/thumb/v7e-m+fp/hard/libc_nano.a(libc_a-lock.o)
__lock___malloc_recursive_mutex                   /Applications/ArmGNUToolchain/11.3.rel1/arm-none-eabi/bin/../lib/gcc/arm-none-eabi/11.3.1/../../../../arm-none-eabi/lib/thumb/v7e-m+fp/hard/libc_nano.a(libc_a-lock.o)
                                                  /Applications/ArmGNUToolchain/11.3.rel1/arm-none-eabi/bin/../lib/gcc/arm-none-eabi/11.3.1/../../../../arm-none-eabi/lib/thumb/v7e-m+fp/hard/libc_nano.a(libc_a-mlock.o)
__lock___sfp_recursive_mutex                      /Applications/ArmGNUToolchain/11.3.rel1/arm-none-eabi/bin/../lib/gcc/arm-none-eabi/11.3.1/../../../../arm-none-eabi/lib/thumb/v7e-m+fp/hard/libc_nano.a(libc_a-lock.o)
                                                  /Applications/ArmGNUToolchain/11.3.rel1/arm-none-eabi/bin/../lib/gcc/arm-none-eabi/11.3.1/../../../../arm-none-eabi/lib/thumb/v7e-m+fp/hard/libc_nano.a(libc_a-findfp.o)
__lock___tz_mutex                                 /Applications/ArmGNUToolchain/11.3.rel1/arm-none-eabi/bin/../lib/gcc/arm-none-eabi/11.3.1/../../../../arm-none-eabi/lib/thumb/v7e-m+fp/hard/libc_nano.a(libc_a-lock.o)
__malloc_free_list                                /Applications/ArmGNUToolchain/11.3.rel1/arm-none-eabi/bin/../lib/gcc/arm-none-eabi/11.3.1/../../../../arm-none-eabi/lib/thumb/v7e-m+fp/hard/libc_nano.a(libc_a-mallocr.o)
                                                  /Applications/ArmGNUToolchain/11.3.rel1/arm-none-eabi/bin/../lib/gcc/arm-none-eabi/11.3.1/../../../../arm-none-eabi/lib/thumb/v7e-m+fp/hard/libc_nano.a(libc_a-freer.o)